Archive member included to satisfy reference by file (symbol)

/usr/lib/gcc/arm-none-eabi/13.2.1/thumb/v6-m/nofp/libgcc.a(_dvmd_tls.o)
                              CMakeFiles/pico_sensor_usb.dir/home/monica/pico-sdk/src/rp2_common/pico_divider/divider_hardware.S.o (__aeabi_idiv0)
/usr/lib/gcc/arm-none-eabi/13.2.1/../../../arm-none-eabi/lib/thumb/v6-m/nofp/libg.a(libc_a-strcmp.o)
                              CMakeFiles/pico_sensor_usb.dir/pico_sensor_usb.c.o (strcmp)
/usr/lib/gcc/arm-none-eabi/13.2.1/../../../arm-none-eabi/lib/thumb/v6-m/nofp/libg.a(libc_a-calloc.o)
                              CMakeFiles/pico_sensor_usb.dir/home/monica/pico-sdk/src/rp2_common/pico_malloc/malloc.c.o (calloc)
/usr/lib/gcc/arm-none-eabi/13.2.1/../../../arm-none-eabi/lib/thumb/v6-m/nofp/libg.a(libc_a-impure.o)
                              /usr/lib/gcc/arm-none-eabi/13.2.1/../../../arm-none-eabi/lib/thumb/v6-m/nofp/libg.a(libc_a-calloc.o) (_impure_ptr)
/usr/lib/gcc/arm-none-eabi/13.2.1/../../../arm-none-eabi/lib/thumb/v6-m/nofp/libg.a(libc_a-callocr.o)
                              /usr/lib/gcc/arm-none-eabi/13.2.1/../../../arm-none-eabi/lib/thumb/v6-m/nofp/libg.a(libc_a-calloc.o) (_calloc_r)
/usr/lib/gcc/arm-none-eabi/13.2.1/../../../arm-none-eabi/lib/thumb/v6-m/nofp/libg.a(libc_a-realloc.o)
                              CMakeFiles/pico_sensor_usb.dir/home/monica/pico-sdk/src/rp2_common/pico_malloc/malloc.c.o (realloc)
/usr/lib/gcc/arm-none-eabi/13.2.1/../../../arm-none-eabi/lib/thumb/v6-m/nofp/libg.a(libc_a-mallocr.o)
                              /usr/lib/gcc/arm-none-eabi/13.2.1/../../../arm-none-eabi/lib/thumb/v6-m/nofp/libg.a(libc_a-callocr.o) (_malloc_r)
/usr/lib/gcc/arm-none-eabi/13.2.1/../../../arm-none-eabi/lib/thumb/v6-m/nofp/libg.a(libc_a-freer.o)
                              /usr/lib/gcc/arm-none-eabi/13.2.1/../../../arm-none-eabi/lib/thumb/v6-m/nofp/libg.a(libc_a-mallocr.o) (_free_r)
/usr/lib/gcc/arm-none-eabi/13.2.1/../../../arm-none-eabi/lib/thumb/v6-m/nofp/libg.a(libc_a-memcmp.o)
                              CMakeFiles/pico_sensor_usb.dir/home/monica/pico-sdk/src/rp2_common/pico_atomic/atomic.c.o (memcmp)
/usr/lib/gcc/arm-none-eabi/13.2.1/../../../arm-none-eabi/lib/thumb/v6-m/nofp/libg.a(libc_a-malloc.o)
                              CMakeFiles/pico_sensor_usb.dir/home/monica/pico-sdk/src/rp2_common/pico_malloc/malloc.c.o (malloc)
/usr/lib/gcc/arm-none-eabi/13.2.1/../../../arm-none-eabi/lib/thumb/v6-m/nofp/libg.a(libc_a-sysconf.o)
                              /usr/lib/gcc/arm-none-eabi/13.2.1/../../../arm-none-eabi/lib/thumb/v6-m/nofp/libg.a(libc_a-mallocr.o) (sysconf)
/usr/lib/gcc/arm-none-eabi/13.2.1/../../../arm-none-eabi/lib/thumb/v6-m/nofp/libg.a(libc_a-init.o)
                              /usr/lib/gcc/arm-none-eabi/13.2.1/../../../arm-none-eabi/lib/thumb/v6-m/nofp/crt0.o (__libc_init_array)
/usr/lib/gcc/arm-none-eabi/13.2.1/../../../arm-none-eabi/lib/thumb/v6-m/nofp/libg.a(libc_a-reallocr.o)
                              /usr/lib/gcc/arm-none-eabi/13.2.1/../../../arm-none-eabi/lib/thumb/v6-m/nofp/libg.a(libc_a-realloc.o) (_realloc_r)
/usr/lib/gcc/arm-none-eabi/13.2.1/../../../arm-none-eabi/lib/thumb/v6-m/nofp/libg.a(libc_a-mktime.o)
                              CMakeFiles/pico_sensor_usb.dir/home/monica/pico-sdk/src/common/pico_util/datetime.c.o (mktime)
/usr/lib/gcc/arm-none-eabi/13.2.1/../../../arm-none-eabi/lib/thumb/v6-m/nofp/libg.a(libc_a-mlock.o)
                              /usr/lib/gcc/arm-none-eabi/13.2.1/../../../arm-none-eabi/lib/thumb/v6-m/nofp/libg.a(libc_a-mallocr.o) (__malloc_lock)
/usr/lib/gcc/arm-none-eabi/13.2.1/../../../arm-none-eabi/lib/thumb/v6-m/nofp/libg.a(libc_a-findfp.o)
                              /usr/lib/gcc/arm-none-eabi/13.2.1/../../../arm-none-eabi/lib/thumb/v6-m/nofp/libg.a(libc_a-impure.o) (__sf)
/usr/lib/gcc/arm-none-eabi/13.2.1/../../../arm-none-eabi/lib/thumb/v6-m/nofp/libg.a(libc_a-tzlock.o)
                              /usr/lib/gcc/arm-none-eabi/13.2.1/../../../arm-none-eabi/lib/thumb/v6-m/nofp/libg.a(libc_a-mktime.o) (__tz_lock)
/usr/lib/gcc/arm-none-eabi/13.2.1/../../../arm-none-eabi/lib/thumb/v6-m/nofp/libg.a(libc_a-atexit.o)
                              /usr/lib/gcc/arm-none-eabi/13.2.1/../../../arm-none-eabi/lib/thumb/v6-m/nofp/crt0.o (atexit)
/usr/lib/gcc/arm-none-eabi/13.2.1/../../../arm-none-eabi/lib/thumb/v6-m/nofp/libg.a(libc_a-lcltime_r.o)
                              CMakeFiles/pico_sensor_usb.dir/home/monica/pico-sdk/src/common/pico_util/datetime.c.o (localtime_r)
/usr/lib/gcc/arm-none-eabi/13.2.1/../../../arm-none-eabi/lib/thumb/v6-m/nofp/libg.a(libc_a-strlen-stub.o)
                              CMakeFiles/pico_sensor_usb.dir/home/monica/pico-sdk/src/rp2_common/pico_stdio/stdio.c.o (strlen)
/usr/lib/gcc/arm-none-eabi/13.2.1/../../../arm-none-eabi/lib/thumb/v6-m/nofp/libg.a(libc_a-sbrkr.o)
                              /usr/lib/gcc/arm-none-eabi/13.2.1/../../../arm-none-eabi/lib/thumb/v6-m/nofp/libg.a(libc_a-mallocr.o) (_sbrk_r)
[...]
Memory Configuration

Name             Origin             Length             Attributes
FLASH            0x10000000         0x00200000         xr
RAM              0x20000000         0x00040000         xrw
SCRATCH_X        0x20040000         0x00001000         xrw
SCRATCH_Y        0x20041000         0x00001000         xrw
*default*        0x00000000         0xffffffff

Linker script and memory map

LOAD /usr/lib/gcc/arm-none-eabi/13.2.1/thumb/v6-m/nofp/crti.o
LOAD /usr/lib/gcc/arm-none-eabi/13.2.1/thumb/v6-m/nofp/crtbegin.o
LOAD /usr/lib/gcc/arm-none-eabi/13.2.1/../../../arm-none-eabi/lib/thumb/v6-m/nofp/crt0.o

.flash_begin    0x10000000        0x0
                0x10000000                        __flash_binary_start = .

.boot2          0x10000000      0x100
                0x10000000                        __boot2_start__ = .
 *(.boot2)
 .boot2         0x10000000      0x100 pico-sdk/src/rp2040/boot_stage2/CMakeFiles/bs2_default_library.dir/bs2_default_padded_checksummed.S.o
                0x10000100                        __boot2_end__ = .
                0x00000001                        ASSERT (((__boot2_end__ - __boot2_start__) == 0x100), ERROR: Pico second stage bootloader must be 256 bytes in size)

.text           0x10000100     0x7208
                0x10000100                        __logical_binary_start = .
 *(.vectors)
 .vectors       0x10000100       0xd4 CMakeFiles/pico_sensor_usb.dir/home/monica/pico-sdk/src/rp2_common/pico_crt0/crt0.S.o
                0x10000100                __vectors
                0x10000100                __VECTOR_TABLE
                0x100001c0                isr_irq30
                0x100001c0                __unhandled_user_irq
                0x100001c0                isr_irq13
                0x100001c0                isr_irq27
                0x100001c0                isr_irq31
                0x100001c0                isr_irq5
                0x100001c0                isr_irq11
                0x100001c0                isr_irq23
                0x100001c0                isr_irq18
                0x100001c0                isr_irq28
                0x100001c0                isr_irq19
                0x100001c0                isr_irq0
                0x100001c0                isr_irq6
                0x100001c0                isr_irq22
                0x100001c0                isr_irq17
                0x100001c0                isr_irq14
                0x100001c0                __vectors_end
                0x100001c0                __default_isrs_start
                0x100001c0                isr_irq2
                0x100001c0                isr_irq10
                0x100001c0                isr_irq8
                0x100001c0                isr_irq24
                0x100001c0                isr_irq1
                0x100001c0                isr_irq7
                0x100001c0                isr_irq21
                0x100001c0                isr_irq20
                0x100001c0                isr_irq15
                0x100001c0                isr_irq25
                0x100001c0                isr_irq4
                0x100001c0                isr_irq16
                0x100001c0                isr_irq29
                0x100001c0                isr_irq26
                0x100001c0                isr_irq3
                0x100001c0                isr_irq12
                0x100001c0                isr_irq9
                0x100001c6                unhandled_user_irq_num_in_r0
                0x100001c8                isr_invalid
                0x100001ca                isr_nmi
                0x100001cc                isr_hardfault
                0x100001ce                isr_svcall
                0x100001d0                isr_pendsv
                0x100001d2                isr_systick
                0x100001d4                __default_isrs_end
 *(.binary_info_header)
 .binary_info_header
                0x100001d4       0x14 CMakeFiles/pico_sensor_usb.dir/home/monica/pico-sdk/src/rp2_common/pico_crt0/crt0.S.o
                0x100001e8                        __binary_info_header_end = .
 *(.embedded_block)
                0x100001e8                        __embedded_block_end = .
 *(.reset)
 .reset         0x100001e8       0x9c CMakeFiles/pico_sensor_usb.dir/home/monica/pico-sdk/src/rp2_common/pico_crt0/crt0.S.o
                0x100001e8                _entry_point
 *(.init)
 .init          0x10000284        0x4 /usr/lib/gcc/arm-none-eabi/13.2.1/thumb/v6-m/nofp/crti.o
                0x10000284                _init
 *(EXCLUDE_FILE(*libm.a: *libc.a:*lib_a-mem*.o *libgcc.a:) .text*)
 .text          0x10000288       0x98 /usr/lib/gcc/arm-none-eabi/13.2.1/thumb/v6-m/nofp/crtbegin.o
 .text.print_menu
                0x10000320       0x60 CMakeFiles/pico_sensor_usb.dir/pico_sensor_usb.c.o
                0x10000320                print_menu
 .text.startup.main
                0x10000380      0x484 CMakeFiles/pico_sensor_usb.dir/pico_sensor_usb.c.o
                0x10000380                main
 .text.gpio_set_function
                0x10000804       0x34 CMakeFiles/pico_sensor_usb.dir/home/monica/pico-sdk/src/rp2_common/hardware_gpio/gpio.c.o
                0x10000804                gpio_set_function
 .text.gpio_set_pulls
                0x10000838       0x28 CMakeFiles/pico_sensor_usb.dir/home/monica/pico-sdk/src/rp2_common/hardware_gpio/gpio.c.o
                0x10000838                gpio_set_pulls
 .text.gpio_set_input_enabled
                0x10000860       0x28 CMakeFiles/pico_sensor_usb.dir/home/monica/pico-sdk/src/rp2_common/hardware_gpio/gpio.c.o
                0x10000860                gpio_set_input_enabled
 .text.rp2040_chip_version
                0x10000888        0xc CMakeFiles/pico_sensor_usb.dir/home/monica/pico-sdk/src/rp2040/pico_platform/platform.c.o
                0x10000888                rp2040_chip_version
 .text.panic    0x10000894       0x30 CMakeFiles/pico_sensor_usb.dir/home/monica/pico-sdk/src/rp2_common/pico_platform_panic/panic.c.o
                0x10000894                panic
 .text.hw_claim_or_assert
                0x100008c4       0x44 CMakeFiles/pico_sensor_usb.dir/home/monica/pico-sdk/src/common/hardware_claim/claim.c.o
                0x100008c4                hw_claim_or_assert
 .text.hw_claim_unused_from_range
                0x10000908       0x9c CMakeFiles/pico_sensor_usb.dir/home/monica/pico-sdk/src/common/hardware_claim/claim.c.o
                0x10000908                hw_claim_unused_from_range
 .text.next_striped_spin_lock_num
                0x100009a4       0x18 CMakeFiles/pico_sensor_usb.dir/home/monica/pico-sdk/src/rp2_common/hardware_sync/sync.c.o
                0x100009a4                next_striped_spin_lock_num
 .text.spin_lock_claim_unused
                0x100009bc       0x24 CMakeFiles/pico_sensor_usb.dir/home/monica/pico-sdk/src/rp2_common/hardware_sync/sync.c.o
                0x100009bc                spin_lock_claim_unused
 .text.spin_locks_reset
                0x100009e0       0x1c CMakeFiles/pico_sensor_usb.dir/home/monica/pico-sdk/src/rp2_common/hardware_sync_spin_lock/sync_spin_lock.c.o
                0x100009e0                spin_locks_reset
 .text.runtime_init_per_core_irq_priorities
                0x100009fc       0x24 CMakeFiles/pico_sensor_usb.dir/home/monica/pico-sdk/src/rp2_common/hardware_irq/irq.c.o
                0x100009fc                runtime_init_per_core_irq_priorities
 .text.irq_set_enabled
                0x10000a20       0x24 CMakeFiles/pico_sensor_usb.dir/home/monica/pico-sdk/src/rp2_common/hardware_irq/irq.c.o
                0x10000a20                irq_set_enabled
 .text.irq_is_enabled
                0x10000a44       0x18 CMakeFiles/pico_sensor_usb.dir/home/monica/pico-sdk/src/rp2_common/hardware_irq/irq.c.o
                0x10000a44                irq_is_enabled
 .text.irq_set_pending
                0x10000a5c       0x10 CMakeFiles/pico_sensor_usb.dir/home/monica/pico-sdk/src/rp2_common/hardware_irq/irq.c.o
                0x10000a5c                irq_set_pending
 .text.irq_has_shared_handler
                0x10000a6c       0x24 CMakeFiles/pico_sensor_usb.dir/home/monica/pico-sdk/src/rp2_common/hardware_irq/irq.c.o
                0x10000a6c                irq_has_shared_handler
 .text.irq_set_exclusive_handler
                0x10000a90       0x54 CMakeFiles/pico_sensor_usb.dir/home/monica/pico-sdk/src/rp2_common/hardware_irq/irq.c.o
                0x10000a90                irq_set_exclusive_handler
 .text.irq_add_shared_handler
                0x10000ae4      0x1f4 CMakeFiles/pico_sensor_usb.dir/home/monica/pico-sdk/src/rp2_common/hardware_irq/irq.c.o
                0x10000ae4                irq_add_shared_handler
 .text.irq_add_tail_to_free_list
                0x10000cd8       0xb4 CMakeFiles/pico_sensor_usb.dir/home/monica/pico-sdk/src/rp2_common/hardware_irq/irq.c.o
                0x10000cd8                irq_add_tail_to_free_list
 .text.user_irq_claim_unused
                0x10000d8c       0x2c CMakeFiles/pico_sensor_usb.dir/home/monica/pico-sdk/src/rp2_common/hardware_irq/irq.c.o
                0x10000d8c                user_irq_claim_unused
 .text.lock_init
                0x10000db8       0x10 CMakeFiles/pico_sensor_usb.dir/home/monica/pico-sdk/src/common/pico_sync/lock_core.c.o
                0x10000db8                lock_init
 .text.runtime_init_mutex
                0x10000dc8       0x50 CMakeFiles/pico_sensor_usb.dir/home/monica/pico-sdk/src/common/pico_sync/mutex.c.o
                0x10000dc8                runtime_init_mutex
 .text.mutex_init
                0x10000e18       0x1c CMakeFiles/pico_sensor_usb.dir/home/monica/pico-sdk/src/common/pico_sync/mutex.c.o
                0x10000e18                mutex_init
 .text.critical_section_init
                0x10000e34       0x1c CMakeFiles/pico_sensor_usb.dir/home/monica/pico-sdk/src/common/pico_sync/critical_section.c.o
                0x10000e34                critical_section_init
 .text.critical_section_init_with_lock_num
                0x10000e50       0x14 CMakeFiles/pico_sensor_usb.dir/home/monica/pico-sdk/src/common/pico_sync/critical_section.c.o
                0x10000e50                critical_section_init_with_lock_num
 .text.sleep_until_callback
                0x10000e64       0x30 CMakeFiles/pico_sensor_usb.dir/home/monica/pico-sdk/src/common/pico_time/time.c.o
 .text.alarm_pool_irq_handler
                0x10000e94      0x2fc CMakeFiles/pico_sensor_usb.dir/home/monica/pico-sdk/src/common/pico_time/time.c.o
 .text.runtime_init_default_alarm_pool
                0x10001190       0xdc CMakeFiles/pico_sensor_usb.dir/home/monica/pico-sdk/src/common/pico_time/time.c.o
                0x10001190                runtime_init_default_alarm_pool
 .text.alarm_pool_get_default
                0x1000126c        0x8 CMakeFiles/pico_sensor_usb.dir/home/monica/pico-sdk/src/common/pico_time/time.c.o
                0x1000126c                alarm_pool_get_default
 .text.alarm_pool_add_alarm_at
                0x10001274       0xd4 CMakeFiles/pico_sensor_usb.dir/home/monica/pico-sdk/src/common/pico_time/time.c.o
                0x10001274                alarm_pool_add_alarm_at
 .text.alarm_pool_add_alarm_at_force_in_context
                0x10001348       0xb0 CMakeFiles/pico_sensor_usb.dir/home/monica/pico-sdk/src/common/pico_time/time.c.o
                0x10001348                alarm_pool_add_alarm_at_force_in_context
 .text.alarm_pool_cancel_alarm
                0x100013f8       0x74 CMakeFiles/pico_sensor_usb.dir/home/monica/pico-sdk/src/common/pico_time/time.c.o
                0x100013f8                alarm_pool_cancel_alarm
 .text.alarm_pool_core_num
                0x1000146c        0x4 CMakeFiles/pico_sensor_usb.dir/home/monica/pico-sdk/src/common/pico_time/time.c.o
                0x1000146c                alarm_pool_core_num
 .text.sleep_until
                0x10001470       0xd8 CMakeFiles/pico_sensor_usb.dir/home/monica/pico-sdk/src/common/pico_time/time.c.o
                0x10001470                sleep_until
 .text.sleep_ms
                0x10001548       0x38 CMakeFiles/pico_sensor_usb.dir/home/monica/pico-sdk/src/common/pico_time/time.c.o
                0x10001548                sleep_ms
 .text.best_effort_wfe_or_timeout
                0x10001580       0xf8 CMakeFiles/pico_sensor_usb.dir/home/monica/pico-sdk/src/common/pico_time/time.c.o
                0x10001580                best_effort_wfe_or_timeout
 .text.timer_hardware_alarm_claim
                0x10001678       0x14 CMakeFiles/pico_sensor_usb.dir/home/monica/pico-sdk/src/rp2_common/hardware_timer/timer.c.o
                0x10001678                timer_hardware_alarm_claim
 .text.timer_time_us_64
                0x1000168c       0x10 CMakeFiles/pico_sensor_usb.dir/home/monica/pico-sdk/src/rp2_common/hardware_timer/timer.c.o
                0x1000168c                timer_time_us_64
 .text.time_us_64
                0x1000169c       0x14 CMakeFiles/pico_sensor_usb.dir/home/monica/pico-sdk/src/rp2_common/hardware_timer/timer.c.o
                0x1000169c                time_us_64
 .text.busy_wait_us
                0x100016b0       0x68 CMakeFiles/pico_sensor_usb.dir/home/monica/pico-sdk/src/rp2_common/hardware_timer/timer.c.o
                0x100016b0                busy_wait_us
 .text.busy_wait_until
                0x10001718       0x20 CMakeFiles/pico_sensor_usb.dir/home/monica/pico-sdk/src/rp2_common/hardware_timer/timer.c.o
                0x10001718                busy_wait_until
 .text.clock_configure_int_divider
                0x10001738       0xf4 CMakeFiles/pico_sensor_usb.dir/home/monica/pico-sdk/src/rp2_common/hardware_clocks/clocks.c.o
                0x10001738                clock_configure_int_divider
 .text.clock_configure_undivided
                0x1000182c       0xe8 CMakeFiles/pico_sensor_usb.dir/home/monica/pico-sdk/src/rp2_common/hardware_clocks/clocks.c.o
                0x1000182c                clock_configure_undivided
 .text.clock_get_hz
                0x10001914        0xc CMakeFiles/pico_sensor_usb.dir/home/monica/pico-sdk/src/rp2_common/hardware_clocks/clocks.c.o
                0x10001914                clock_get_hz
 .text.pll_init
                0x10001920       0xa4 CMakeFiles/pico_sensor_usb.dir/home/monica/pico-sdk/src/rp2_common/hardware_pll/pll.c.o
                0x10001920                pll_init
 .text.watchdog_reboot
                0x100019c4       0x9c CMakeFiles/pico_sensor_usb.dir/home/monica/pico-sdk/src/rp2_common/hardware_watchdog/watchdog.c.o
                0x100019c4                watchdog_reboot
 .text.tick_start
                0x10001a60       0x10 CMakeFiles/pico_sensor_usb.dir/home/monica/pico-sdk/src/rp2_common/hardware_ticks/ticks.c.o
                0x10001a60                tick_start
 .text.rom_func_lookup
                0x10001a70       0x10 CMakeFiles/pico_sensor_usb.dir/home/monica/pico-sdk/src/rp2_common/pico_bootrom/bootrom.c.o
                0x10001a70                rom_func_lookup
 .text.rom_data_lookup
                0x10001a80       0x10 CMakeFiles/pico_sensor_usb.dir/home/monica/pico-sdk/src/rp2_common/pico_bootrom/bootrom.c.o
                0x10001a80                rom_data_lookup
 .text.rom_funcs_lookup
                0x10001a90       0x44 CMakeFiles/pico_sensor_usb.dir/home/monica/pico-sdk/src/rp2_common/pico_bootrom/bootrom.c.o
                0x10001a90                rom_funcs_lookup
 .text.rom_reset_usb_boot_extra
                0x10001ad4       0x28 CMakeFiles/pico_sensor_usb.dir/home/monica/pico-sdk/src/rp2_common/pico_bootrom/bootrom.c.o
                0x10001ad4                rom_reset_usb_boot_extra
 .text.xosc_init
                0x10001afc       0x28 CMakeFiles/pico_sensor_usb.dir/home/monica/pico-sdk/src/rp2_common/hardware_xosc/xosc.c.o
                0x10001afc                xosc_init
 .text.first_per_core_initializer
                0x10001b24        0x4 CMakeFiles/pico_sensor_usb.dir/home/monica/pico-sdk/src/rp2_common/pico_runtime/runtime.c.o
 .text.hard_assertion_failure
                0x10001b28        0xc CMakeFiles/pico_sensor_usb.dir/home/monica/pico-sdk/src/rp2_common/pico_runtime/runtime.c.o
                0x10001b28                hard_assertion_failure
 .text.runtime_run_initializers
                0x10001b34       0x28 CMakeFiles/pico_sensor_usb.dir/home/monica/pico-sdk/src/rp2_common/pico_runtime/runtime.c.o
                0x10001b34                runtime_run_initializers
 .text.runtime_init_early_resets
                0x10001b5c       0x2c CMakeFiles/pico_sensor_usb.dir/home/monica/pico-sdk/src/rp2_common/pico_runtime_init/runtime_init.c.o
                0x10001b5c                runtime_init_early_resets
 .text.runtime_init_usb_power_down
                0x10001b88       0x1c CMakeFiles/pico_sensor_usb.dir/home/monica/pico-sdk/src/rp2_common/pico_runtime_init/runtime_init.c.o
                0x10001b88                runtime_init_usb_power_down
 .text.runtime_init_post_clock_resets
                0x10001ba4       0x20 CMakeFiles/pico_sensor_usb.dir/home/monica/pico-sdk/src/rp2_common/pico_runtime_init/runtime_init.c.o
                0x10001ba4                runtime_init_post_clock_resets
 .text.runtime_init_rp2040_gpio_ie_disable
                0x10001bc4       0x14 CMakeFiles/pico_sensor_usb.dir/home/monica/pico-sdk/src/rp2_common/pico_runtime_init/runtime_init.c.o
                0x10001bc4                runtime_init_rp2040_gpio_ie_disable
 .text.runtime_init_spin_locks_reset
                0x10001bd8        0x8 CMakeFiles/pico_sensor_usb.dir/home/monica/pico-sdk/src/rp2_common/pico_runtime_init/runtime_init.c.o
                0x10001bd8                runtime_init_spin_locks_reset
 .text.runtime_init_install_ram_vector_table
                0x10001be0       0xb4 CMakeFiles/pico_sensor_usb.dir/home/monica/pico-sdk/src/rp2_common/pico_runtime_init/runtime_init.c.o
                0x10001be0                runtime_init_install_ram_vector_table
 .text.runtime_init_clocks
                0x10001c94       0xd8 CMakeFiles/pico_sensor_usb.dir/home/monica/pico-sdk/src/rp2_common/pico_runtime_init/runtime_init_clocks.c.o
                0x10001c94                runtime_init_clocks
 .text          0x10001d6c       0x10 CMakeFiles/pico_sensor_usb.dir/home/monica/pico-sdk/src/rp2_common/pico_bit_ops/bit_ops_aeabi.S.o
 .text.__wrap___aeabi_idiv
                0x10001d7c       0x50 CMakeFiles/pico_sensor_usb.dir/home/monica/pico-sdk/src/rp2_common/pico_divider/divider_hardware.S.o
                0x10001d7c                __wrap___aeabi_idivmod
                0x10001d7c                divmod_s32s32
                0x10001d7c                div_s32s32
                0x10001d7c                __wrap___aeabi_idiv
                0x10001d84                divmod_s32s32_unsafe
                0x10001db0                divmod_s32s32_savestate
 .text.__wrap___aeabi_uidiv
                0x10001dcc       0x4c CMakeFiles/pico_sensor_usb.dir/home/monica/pico-sdk/src/rp2_common/pico_divider/divider_hardware.S.o
                0x10001dcc                __wrap___aeabi_uidiv
                0x10001dcc                __wrap___aeabi_uidivmod
                0x10001dcc                div_u32u32
                0x10001dcc                divmod_u32u32
                0x10001dd4                divmod_u32u32_unsafe
                0x10001dfc                divmod_u32u32_savestate
 .text.__wrap___aeabi_ldiv
                0x10001e18      0x424 CMakeFiles/pico_sensor_usb.dir/home/monica/pico-sdk/src/rp2_common/pico_divider/divider_hardware.S.o
                0x10001e18                div_s64s64
                0x10001e18                divmod_s64s64
                0x10001e18                __wrap___aeabi_ldivmod
                0x10001e48                div_u64u64
                0x10001e48                divmod_u64u64
                0x10001e48                __wrap___aeabi_uldivmod
                0x10001e58                divmod_u64u64_savestate
                0x10001e78                divmod_s64s64_unsafe
                0x10001f00                divmod_u64u64_unsafe
 .text.__wrap___aeabi_darithmetic
                0x1000223c       0x80 CMakeFiles/pico_sensor_usb.dir/home/monica/pico-sdk/src/rp2_common/pico_double/double_aeabi_rp2040.S.o
                0x1000223c                __wrap___aeabi_drsub
                0x10002242                __wrap___aeabi_dsub
                0x10002254                __wrap___aeabi_dadd
                0x10002266                __wrap___aeabi_ddiv
                0x100022a2                __wrap___aeabi_dmul
 .text.__wrap___aeabi_cdcmple
                0x100022bc       0x6c CMakeFiles/pico_sensor_usb.dir/home/monica/pico-sdk/src/rp2_common/pico_double/double_aeabi_rp2040.S.o
                0x100022bc                __wrap___aeabi_cdrcmple
                0x100022cc                __wrap___aeabi_cdcmple
                0x100022cc                __wrap___aeabi_cdcmpeq
 .text.__wrap___aeabi_dcmplt
                0x10002328        0xc CMakeFiles/pico_sensor_usb.dir/home/monica/pico-sdk/src/rp2_common/pico_double/double_aeabi_rp2040.S.o
                0x10002328                __wrap___aeabi_dcmplt
 .text.__wrap___aeabi_dcmpge
                0x10002334       0x10 CMakeFiles/pico_sensor_usb.dir/home/monica/pico-sdk/src/rp2_common/pico_double/double_aeabi_rp2040.S.o
                0x10002334                __wrap___aeabi_dcmpge
 .text.__wrap___aeabi_dcmpgt
                0x10002344        0xa CMakeFiles/pico_sensor_usb.dir/home/monica/pico-sdk/src/rp2_common/pico_double/double_aeabi_rp2040.S.o
                0x10002344                __wrap___aeabi_dcmpgt
 .text.__wrap___aeabi_dcmpun
                0x1000234e       0x18 CMakeFiles/pico_sensor_usb.dir/home/monica/pico-sdk/src/rp2_common/pico_double/double_aeabi_rp2040.S.o
                0x1000234e                __wrap___aeabi_dcmpun
 *fill*         0x10002366        0x2 
 .text.__wrap___aeabi_i2d
                0x10002368       0x38 CMakeFiles/pico_sensor_usb.dir/home/monica/pico-sdk/src/rp2_common/pico_double/double_aeabi_rp2040.S.o
                0x10002368                __wrap___aeabi_ui2d
                0x10002368                uint2double
                0x10002370                __wrap___aeabi_i2d
                0x10002370                int2double
 .text.__wrap___aeabi_d2iz
                0x100023a0       0x48 CMakeFiles/pico_sensor_usb.dir/home/monica/pico-sdk/src/rp2_common/pico_double/double_aeabi_rp2040.S.o
                0x100023a0                __wrap___aeabi_d2iz
                0x100023a0                double2int_z
 .text.__wrap___aeabi_d2uiz
                0x100023e8       0x18 CMakeFiles/pico_sensor_usb.dir/home/monica/pico-sdk/src/rp2_common/pico_double/double_aeabi_rp2040.S.o
                0x100023e8                double2uint_z
                0x100023e8                double2uint
                0x100023e8                __wrap___aeabi_d2uiz
 .text.__aeabi_double_init
                0x10002400       0xa4 CMakeFiles/pico_sensor_usb.dir/home/monica/pico-sdk/src/rp2_common/pico_double/double_init_rom_rp2040.c.o
                0x10002400                __aeabi_double_init
 .text.double_table_shim_on_use_helper
                0x100024a4       0x2c CMakeFiles/pico_sensor_usb.dir/home/monica/pico-sdk/src/rp2_common/pico_double/double_v1_rom_shim_rp2040.S.o
                0x100024a4                double_table_shim_on_use_helper
 .text.__wrap___aeabi_dsub
                0x100024d0       0x10 CMakeFiles/pico_sensor_usb.dir/home/monica/pico-sdk/src/rp2_common/pico_double/double_v1_rom_shim_rp2040.S.o
                0x100024d0                drsub_shim
                0x100024d6                dsub_shim
 .text.dadd_shim
                0x100024e0      0x15c CMakeFiles/pico_sensor_usb.dir/home/monica/pico-sdk/src/rp2_common/pico_double/double_v1_rom_shim_rp2040.S.o
                0x100024e0                dadd_shim
 .text.dmul_shim
                0x1000263c      0x15c CMakeFiles/pico_sensor_usb.dir/home/monica/pico-sdk/src/rp2_common/pico_double/double_v1_rom_shim_rp2040.S.o
                0x1000263c                dmul_shim
 .text.ddiv_shim
                0x10002798      0x1b0 CMakeFiles/pico_sensor_usb.dir/home/monica/pico-sdk/src/rp2_common/pico_double/double_v1_rom_shim_rp2040.S.o
                0x10002798                ddiv_shim
 .text.double2uint_shim
                0x10002948        0xe CMakeFiles/pico_sensor_usb.dir/home/monica/pico-sdk/src/rp2_common/pico_double/double_v1_rom_shim_rp2040.S.o
                0x10002948                double2uint_shim
                0x1000294a                double2ufix_shim
 *fill*         0x10002956        0x2 
 .text.double2uint64_shim
                0x10002958       0x70 CMakeFiles/pico_sensor_usb.dir/home/monica/pico-sdk/src/rp2_common/pico_double/double_v1_rom_shim_rp2040.S.o
                0x10002958                double2uint64_shim
                0x1000295a                double2ufix64_shim
                0x1000297a                d2fix_a
 .text.dunpacks
                0x100029c8       0x3c CMakeFiles/pico_sensor_usb.dir/home/monica/pico-sdk/src/rp2_common/pico_double/double_v1_rom_shim_rp2040.S.o
                0x100029c8                dunpacks
 .text.__aeabi_lmul
                0x10002a04       0x32 CMakeFiles/pico_sensor_usb.dir/home/monica/pico-sdk/src/rp2_common/pico_int64_ops/pico_int64_ops_aeabi.S.o
                0x10002a04                __wrap___aeabi_lmul
 *fill*         0x10002a36        0x2 
 .text.__wrap___aeabi_farithmetic
                0x10002a38       0x48 CMakeFiles/pico_sensor_usb.dir/home/monica/pico-sdk/src/rp2_common/pico_float/float_aeabi_rp2040.S.o
                0x10002a38                __wrap___aeabi_frsub
                0x10002a3e                __wrap___aeabi_fsub
                0x10002a44                __wrap___aeabi_fadd
                0x10002a4a                __wrap___aeabi_fdiv
                0x10002a72                __wrap___aeabi_fmul
 .text.__wrap___aeabi_i2f
                0x10002a80       0x44 CMakeFiles/pico_sensor_usb.dir/home/monica/pico-sdk/src/rp2_common/pico_float/float_aeabi_rp2040.S.o
                0x10002a80                int2float
                0x10002a80                __wrap___aeabi_i2f
 .text.__wrap___aeabi_f2iz
                0x10002ac4       0x4e CMakeFiles/pico_sensor_usb.dir/home/monica/pico-sdk/src/rp2_common/pico_float/float_aeabi_rp2040.S.o
                0x10002ac4                __wrap___aeabi_f2iz
                0x10002ac4                float2int_z
 *fill*         0x10002b12        0x2 
 .text.float2int
                0x10002b14       0x14 CMakeFiles/pico_sensor_usb.dir/home/monica/pico-sdk/src/rp2_common/pico_float/float_aeabi_rp2040.S.o
                0x10002b14                float2int
 .text.__wrap___aeabi_f2uiz
                0x10002b28        0xc CMakeFiles/pico_sensor_usb.dir/home/monica/pico-sdk/src/rp2_common/pico_float/float_aeabi_rp2040.S.o
                0x10002b28                float2uint
                0x10002b28                float2uint_z
                0x10002b28                __wrap___aeabi_f2uiz
 .text.__aeabi_float_init
                0x10002b34       0x64 CMakeFiles/pico_sensor_usb.dir/home/monica/pico-sdk/src/rp2_common/pico_float/float_init_rom_rp2040.c.o
                0x10002b34                __aeabi_float_init
 .text.float_table_shim_on_use_helper
                0x10002b98       0x2c CMakeFiles/pico_sensor_usb.dir/home/monica/pico-sdk/src/rp2_common/pico_float/float_v1_rom_shim_rp2040.S.o
                0x10002b98                float_table_shim_on_use_helper
 .text.float232_shims
                0x10002bc4       0x18 CMakeFiles/pico_sensor_usb.dir/home/monica/pico-sdk/src/rp2_common/pico_float/float_v1_rom_shim_rp2040.S.o
                0x10002bc4                float2int_shim
                0x10002bc6                float2fix_shim
 .text          0x10002bdc       0x10 CMakeFiles/pico_sensor_usb.dir/home/monica/pico-sdk/src/rp2_common/pico_mem_ops/mem_ops_aeabi.S.o
                0x10002bdc                __aeabi_mem_init
 .text.memset   0x10002bec        0xc CMakeFiles/pico_sensor_usb.dir/home/monica/pico-sdk/src/rp2_common/pico_mem_ops/mem_ops_aeabi.S.o
                0x10002bec                __wrap_memset
 .text.memcpy   0x10002bf8        0xc CMakeFiles/pico_sensor_usb.dir/home/monica/pico-sdk/src/rp2_common/pico_mem_ops/mem_ops_aeabi.S.o
                0x10002bf8                __wrap___aeabi_memcpy
                0x10002bf8                __wrap_memcpy
 .text._out_null
                0x10002c04        0x4 CMakeFiles/pico_sensor_usb.dir/home/monica/pico-sdk/src/rp2_common/pico_printf/printf.c.o
 .text._out_rev
                0x10002c08       0xac CMakeFiles/pico_sensor_usb.dir/home/monica/pico-sdk/src/rp2_common/pico_printf/printf.c.o
 .text._ntoa_format
                0x10002cb4      0x250 CMakeFiles/pico_sensor_usb.dir/home/monica/pico-sdk/src/rp2_common/pico_printf/printf.c.o
 .text._out_char
                0x10002f04       0x10 CMakeFiles/pico_sensor_usb.dir/home/monica/pico-sdk/src/rp2_common/pico_printf/printf.c.o
 .text._out_fct
                0x10002f14       0x10 CMakeFiles/pico_sensor_usb.dir/home/monica/pico-sdk/src/rp2_common/pico_printf/printf.c.o
 .text._etoa    0x10002f24      0x464 CMakeFiles/pico_sensor_usb.dir/home/monica/pico-sdk/src/rp2_common/pico_printf/printf.c.o
 .text._ftoa    0x10003388      0x3c0 CMakeFiles/pico_sensor_usb.dir/home/monica/pico-sdk/src/rp2_common/pico_printf/printf.c.o
 .text._vsnprintf
                0x10003748      0xbc8 CMakeFiles/pico_sensor_usb.dir/home/monica/pico-sdk/src/rp2_common/pico_printf/printf.c.o
 .text.vfctprintf
                0x10004310       0x20 CMakeFiles/pico_sensor_usb.dir/home/monica/pico-sdk/src/rp2_common/pico_printf/printf.c.o
                0x10004310                vfctprintf
 .text.weak_raw_vprintf
                0x10004330       0x30 CMakeFiles/pico_sensor_usb.dir/home/monica/pico-sdk/src/rp2_common/pico_printf/printf.c.o
                0x10004330                weak_raw_vprintf
 .text._exit    0x10004360        0x4 CMakeFiles/pico_sensor_usb.dir/home/monica/pico-sdk/src/rp2_common/pico_clib_interface/newlib_interface.c.o
                0x10004360                _exit
 .text.exit     0x10004364        0x8 CMakeFiles/pico_sensor_usb.dir/home/monica/pico-sdk/src/rp2_common/pico_clib_interface/newlib_interface.c.o
                0x10004364                exit
 .text.runtime_init
                0x1000436c       0x2c CMakeFiles/pico_sensor_usb.dir/home/monica/pico-sdk/src/rp2_common/pico_clib_interface/newlib_interface.c.o
                0x1000436c                runtime_init
 .text.stdio_out_chars_no_crlf
                0x10004398       0x10 CMakeFiles/pico_sensor_usb.dir/home/monica/pico-sdk/src/rp2_common/pico_stdio/stdio.c.o
 .text.stdio_out_chars_crlf
                0x100043a8       0x94 CMakeFiles/pico_sensor_usb.dir/home/monica/pico-sdk/src/rp2_common/pico_stdio/stdio.c.o
 .text.stdio_buffered_printer
                0x1000443c       0x64 CMakeFiles/pico_sensor_usb.dir/home/monica/pico-sdk/src/rp2_common/pico_stdio/stdio.c.o
 .text.stdio_put_string
                0x100044a0      0x100 CMakeFiles/pico_sensor_usb.dir/home/monica/pico-sdk/src/rp2_common/pico_stdio/stdio.c.o
                0x100044a0                stdio_put_string
 .text.stdio_set_driver_enabled
                0x100045a0       0x30 CMakeFiles/pico_sensor_usb.dir/home/monica/pico-sdk/src/rp2_common/pico_stdio/stdio.c.o
                0x100045a0                stdio_set_driver_enabled
 .text.stdio_init_all
                0x100045d0        0x8 CMakeFiles/pico_sensor_usb.dir/home/monica/pico-sdk/src/rp2_common/pico_stdio/stdio.c.o
                0x100045d0                stdio_init_all
 .text.stdio_getchar_timeout_us
                0x100045d8       0x98 CMakeFiles/pico_sensor_usb.dir/home/monica/pico-sdk/src/rp2_common/pico_stdio/stdio.c.o
                0x100045d8                stdio_getchar_timeout_us
 .text.__wrap_putchar
                0x10004670       0x98 CMakeFiles/pico_sensor_usb.dir/home/monica/pico-sdk/src/rp2_common/pico_stdio/stdio.c.o
                0x10004670                stdio_putchar
                0x10004670                __wrap_putchar
 .text.__wrap_puts
                0x10004708       0x3c CMakeFiles/pico_sensor_usb.dir/home/monica/pico-sdk/src/rp2_common/pico_stdio/stdio.c.o
                0x10004708                __wrap_puts
                0x10004708                stdio_puts
 .text.__wrap_vprintf
                0x10004744       0xd4 CMakeFiles/pico_sensor_usb.dir/home/monica/pico-sdk/src/rp2_common/pico_stdio/stdio.c.o
                0x10004744                __wrap_vprintf
                0x10004744                stdio_vprintf
 .text.__wrap_printf
                0x10004818       0x18 CMakeFiles/pico_sensor_usb.dir/home/monica/pico-sdk/src/rp2_common/pico_stdio/stdio.c.o
                0x10004818                stdio_printf
                0x10004818                __wrap_printf
 .text.resetd_init
                0x10004830        0x4 CMakeFiles/pico_sensor_usb.dir/home/monica/pico-sdk/src/rp2_common/pico_stdio_usb/reset_interface.c.o
 .text.resetd_reset
                0x10004834        0xc CMakeFiles/pico_sensor_usb.dir/home/monica/pico-sdk/src/rp2_common/pico_stdio_usb/reset_interface.c.o
 .text.resetd_open
                0x10004840       0x28 CMakeFiles/pico_sensor_usb.dir/home/monica/pico-sdk/src/rp2_common/pico_stdio_usb/reset_interface.c.o
 .text.resetd_xfer_cb
                0x10004868        0x4 CMakeFiles/pico_sensor_usb.dir/home/monica/pico-sdk/src/rp2_common/pico_stdio_usb/reset_interface.c.o
 .text.resetd_control_xfer_cb
                0x1000486c       0x5c CMakeFiles/pico_sensor_usb.dir/home/monica/pico-sdk/src/rp2_common/pico_stdio_usb/reset_interface.c.o
 .text.tud_descriptor_bos_cb
                0x100048c8        0x8 CMakeFiles/pico_sensor_usb.dir/home/monica/pico-sdk/src/rp2_common/pico_stdio_usb/reset_interface.c.o
                0x100048c8                tud_descriptor_bos_cb
 .text.tud_vendor_control_xfer_cb
                0x100048d0       0x34 CMakeFiles/pico_sensor_usb.dir/home/monica/pico-sdk/src/rp2_common/pico_stdio_usb/reset_interface.c.o
                0x100048d0                tud_vendor_control_xfer_cb
 .text.usbd_app_driver_get_cb
                0x10004904        0xc CMakeFiles/pico_sensor_usb.dir/home/monica/pico-sdk/src/rp2_common/pico_stdio_usb/reset_interface.c.o
                0x10004904                usbd_app_driver_get_cb
 .text.tud_cdc_line_coding_cb
                0x10004910       0x2c CMakeFiles/pico_sensor_usb.dir/home/monica/pico-sdk/src/rp2_common/pico_stdio_usb/reset_interface.c.o
                0x10004910                tud_cdc_line_coding_cb
 .text.stdio_usb_set_chars_available_callback
                0x1000493c       0x14 CMakeFiles/pico_sensor_usb.dir/home/monica/pico-sdk/src/rp2_common/pico_stdio_usb/stdio_usb.c.o
                0x1000493c                stdio_usb_set_chars_available_callback
 .text.usb_irq  0x10004950       0x10 CMakeFiles/pico_sensor_usb.dir/home/monica/pico-sdk/src/rp2_common/pico_stdio_usb/stdio_usb.c.o
 .text.timer_task
                0x10004960       0x64 CMakeFiles/pico_sensor_usb.dir/home/monica/pico-sdk/src/rp2_common/pico_stdio_usb/stdio_usb.c.o
 .text.stdio_usb_in_chars
                0x100049c4       0x90 CMakeFiles/pico_sensor_usb.dir/home/monica/pico-sdk/src/rp2_common/pico_stdio_usb/stdio_usb.c.o
                0x100049c4                stdio_usb_in_chars
 .text.stdio_usb_out_flush
                0x10004a54       0x50 CMakeFiles/pico_sensor_usb.dir/home/monica/pico-sdk/src/rp2_common/pico_stdio_usb/stdio_usb.c.o
 .text.stdio_usb_out_chars
                0x10004aa4      0x104 CMakeFiles/pico_sensor_usb.dir/home/monica/pico-sdk/src/rp2_common/pico_stdio_usb/stdio_usb.c.o
 .text.low_priority_worker_irq
                0x10004ba8       0xcc CMakeFiles/pico_sensor_usb.dir/home/monica/pico-sdk/src/rp2_common/pico_stdio_usb/stdio_usb.c.o
 .text.stdio_usb_init
                0x10004c74       0xec CMakeFiles/pico_sensor_usb.dir/home/monica/pico-sdk/src/rp2_common/pico_stdio_usb/stdio_usb.c.o
                0x10004c74                stdio_usb_init
 .text.tud_descriptor_device_cb
                0x10004d60        0x8 CMakeFiles/pico_sensor_usb.dir/home/monica/pico-sdk/src/rp2_common/pico_stdio_usb/stdio_usb_descriptors.c.o
                0x10004d60                tud_descriptor_device_cb
 .text.tud_descriptor_configuration_cb
                0x10004d68        0x8 CMakeFiles/pico_sensor_usb.dir/home/monica/pico-sdk/src/rp2_common/pico_stdio_usb/stdio_usb_descriptors.c.o
                0x10004d68                tud_descriptor_configuration_cb
 .text.tud_descriptor_string_cb
                0x10004d70       0x78 CMakeFiles/pico_sensor_usb.dir/home/monica/pico-sdk/src/rp2_common/pico_stdio_usb/stdio_usb_descriptors.c.o
                0x10004d70                tud_descriptor_string_cb
 .text.startup._retrieve_unique_id_on_boot
                0x10004de8       0x10 CMakeFiles/pico_sensor_usb.dir/home/monica/pico-sdk/src/rp2_common/pico_unique_id/unique_id.c.o
 .text.pico_get_unique_board_id_string
                0x10004df8      0x1a8 CMakeFiles/pico_sensor_usb.dir/home/monica/pico-sdk/src/rp2_common/pico_unique_id/unique_id.c.o
                0x10004df8                pico_get_unique_board_id_string
 .text.flash_get_unique_id
                0x10004fa0       0x3c CMakeFiles/pico_sensor_usb.dir/home/monica/pico-sdk/src/rp2_common/hardware_flash/flash.c.o
                0x10004fa0                flash_get_unique_id
 .text.dcd_init
                0x10004fdc       0x90 CMakeFiles/pico_sensor_usb.dir/home/monica/pico-sdk/lib/tinyusb/src/portable/raspberrypi/rp2040/dcd_rp2040.c.o
                0x10004fdc                dcd_init
 .text.dcd_int_enable
                0x1000506c        0xc CMakeFiles/pico_sensor_usb.dir/home/monica/pico-sdk/lib/tinyusb/src/portable/raspberrypi/rp2040/dcd_rp2040.c.o
                0x1000506c                dcd_int_enable
 .text.dcd_set_address
                0x10005078       0x14 CMakeFiles/pico_sensor_usb.dir/home/monica/pico-sdk/lib/tinyusb/src/portable/raspberrypi/rp2040/dcd_rp2040.c.o
                0x10005078                dcd_set_address
 .text.dcd_sof_enable
                0x1000508c       0x1c CMakeFiles/pico_sensor_usb.dir/home/monica/pico-sdk/lib/tinyusb/src/portable/raspberrypi/rp2040/dcd_rp2040.c.o
                0x1000508c                dcd_sof_enable
 .text.dcd_edpt0_status_complete
                0x100050a8       0x1c CMakeFiles/pico_sensor_usb.dir/home/monica/pico-sdk/lib/tinyusb/src/portable/raspberrypi/rp2040/dcd_rp2040.c.o
                0x100050a8                dcd_edpt0_status_complete
 .text.dcd_edpt_open
                0x100050c4      0x114 CMakeFiles/pico_sensor_usb.dir/home/monica/pico-sdk/lib/tinyusb/src/portable/raspberrypi/rp2040/dcd_rp2040.c.o
                0x100050c4                dcd_edpt_open
 .text.dcd_edpt_close_all
                0x100051d8        0x8 CMakeFiles/pico_sensor_usb.dir/home/monica/pico-sdk/lib/tinyusb/src/portable/raspberrypi/rp2040/dcd_rp2040.c.o
                0x100051d8                dcd_edpt_close_all
 .text.dcd_edpt_xfer
                0x100051e0       0x24 CMakeFiles/pico_sensor_usb.dir/home/monica/pico-sdk/lib/tinyusb/src/portable/raspberrypi/rp2040/dcd_rp2040.c.o
                0x100051e0                dcd_edpt_xfer
 .text.dcd_edpt_stall
                0x10005204       0x34 CMakeFiles/pico_sensor_usb.dir/home/monica/pico-sdk/lib/tinyusb/src/portable/raspberrypi/rp2040/dcd_rp2040.c.o
                0x10005204                dcd_edpt_stall
 .text.dcd_edpt_clear_stall
                0x10005238       0x30 CMakeFiles/pico_sensor_usb.dir/home/monica/pico-sdk/lib/tinyusb/src/portable/raspberrypi/rp2040/dcd_rp2040.c.o
                0x10005238                dcd_edpt_clear_stall
 .text.rp2040_usb_init
                0x10005268       0x40 CMakeFiles/pico_sensor_usb.dir/home/monica/pico-sdk/lib/tinyusb/src/portable/raspberrypi/rp2040/rp2040_usb.c.o
                0x10005268                rp2040_usb_init
 .text.hw_endpoint_xfer_start
                0x100052a8       0x40 CMakeFiles/pico_sensor_usb.dir/home/monica/pico-sdk/lib/tinyusb/src/portable/raspberrypi/rp2040/rp2040_usb.c.o
                0x100052a8                hw_endpoint_xfer_start
 .text.tud_event_hook_cb
                0x100052e8        0x4 CMakeFiles/pico_sensor_usb.dir/home/monica/pico-sdk/lib/tinyusb/src/device/usbd.c.o
                0x100052e8                tud_event_hook_cb
 .text.tud_sof_cb
                0x100052ec        0x4 CMakeFiles/pico_sensor_usb.dir/home/monica/pico-sdk/lib/tinyusb/src/device/usbd.c.o
                0x100052ec                tud_sof_cb
 .text.tud_descriptor_device_qualifier_cb
                0x100052f0        0x4 CMakeFiles/pico_sensor_usb.dir/home/monica/pico-sdk/lib/tinyusb/src/device/usbd.c.o
                0x100052f0                tud_descriptor_device_qualifier_cb
 .text.tud_descriptor_other_speed_configuration_cb
                0x100052f4        0x4 CMakeFiles/pico_sensor_usb.dir/home/monica/pico-sdk/lib/tinyusb/src/device/usbd.c.o
                0x100052f4                tud_descriptor_other_speed_configuration_cb
 .text.tud_mount_cb
                0x100052f8        0x4 CMakeFiles/pico_sensor_usb.dir/home/monica/pico-sdk/lib/tinyusb/src/device/usbd.c.o
                0x100052f8                tud_mount_cb
 .text.tud_umount_cb
                0x100052fc        0x4 CMakeFiles/pico_sensor_usb.dir/home/monica/pico-sdk/lib/tinyusb/src/device/usbd.c.o
                0x100052fc                tud_umount_cb
 .text.tud_suspend_cb
                0x10005300        0x4 CMakeFiles/pico_sensor_usb.dir/home/monica/pico-sdk/lib/tinyusb/src/device/usbd.c.o
                0x10005300                tud_suspend_cb
 .text.tud_resume_cb
                0x10005304        0x4 CMakeFiles/pico_sensor_usb.dir/home/monica/pico-sdk/lib/tinyusb/src/device/usbd.c.o
                0x10005304                tud_resume_cb
 .text.tud_mounted
                0x10005308       0x10 CMakeFiles/pico_sensor_usb.dir/home/monica/pico-sdk/lib/tinyusb/src/device/usbd.c.o
                0x10005308                tud_mounted
 .text.tud_suspended
                0x10005318       0x10 CMakeFiles/pico_sensor_usb.dir/home/monica/pico-sdk/lib/tinyusb/src/device/usbd.c.o
                0x10005318                tud_suspended
 .text.tud_rhport_init
                0x10005328       0xfc CMakeFiles/pico_sensor_usb.dir/home/monica/pico-sdk/lib/tinyusb/src/device/usbd.c.o
                0x10005328                tud_rhport_init
 .text.tud_task_ext
                0x10005424      0x800 CMakeFiles/pico_sensor_usb.dir/home/monica/pico-sdk/lib/tinyusb/src/device/usbd.c.o
                0x10005424                tud_task_ext
 .text.usbd_open_edpt_pair
                0x10005c24       0x9c CMakeFiles/pico_sensor_usb.dir/home/monica/pico-sdk/lib/tinyusb/src/device/usbd.c.o
                0x10005c24                usbd_open_edpt_pair
 .text.usbd_edpt_open
                0x10005cc0       0x34 CMakeFiles/pico_sensor_usb.dir/home/monica/pico-sdk/lib/tinyusb/src/device/usbd.c.o
                0x10005cc0                usbd_edpt_open
 .text.usbd_edpt_claim
                0x10005cf4       0x28 CMakeFiles/pico_sensor_usb.dir/home/monica/pico-sdk/lib/tinyusb/src/device/usbd.c.o
                0x10005cf4                usbd_edpt_claim
 .text.usbd_edpt_release
                0x10005d1c       0x28 CMakeFiles/pico_sensor_usb.dir/home/monica/pico-sdk/lib/tinyusb/src/device/usbd.c.o
                0x10005d1c                usbd_edpt_release
 .text.usbd_edpt_xfer
                0x10005d44       0x4c CMakeFiles/pico_sensor_usb.dir/home/monica/pico-sdk/lib/tinyusb/src/device/usbd.c.o
                0x10005d44                usbd_edpt_xfer
 .text.tud_control_status
                0x10005d90       0x2c CMakeFiles/pico_sensor_usb.dir/home/monica/pico-sdk/lib/tinyusb/src/device/usbd_control.c.o
                0x10005d90                tud_control_status
 .text.tud_control_xfer
                0x10005dbc       0xac CMakeFiles/pico_sensor_usb.dir/home/monica/pico-sdk/lib/tinyusb/src/device/usbd_control.c.o
                0x10005dbc                tud_control_xfer
 .text.usbd_control_reset
                0x10005e68       0x14 CMakeFiles/pico_sensor_usb.dir/home/monica/pico-sdk/lib/tinyusb/src/device/usbd_control.c.o
                0x10005e68                usbd_control_reset
 .text.usbd_control_set_complete_callback
                0x10005e7c        0xc CMakeFiles/pico_sensor_usb.dir/home/monica/pico-sdk/lib/tinyusb/src/device/usbd_control.c.o
                0x10005e7c                usbd_control_set_complete_callback
 .text.usbd_control_set_request
                0x10005e88       0x1c CMakeFiles/pico_sensor_usb.dir/home/monica/pico-sdk/lib/tinyusb/src/device/usbd_control.c.o
                0x10005e88                usbd_control_set_request
 .text.usbd_control_xfer_cb
                0x10005ea4       0xec CMakeFiles/pico_sensor_usb.dir/home/monica/pico-sdk/lib/tinyusb/src/device/usbd_control.c.o
                0x10005ea4                usbd_control_xfer_cb
 .text._prep_out_transaction.isra.0
                0x10005f90       0x6c CMakeFiles/pico_sensor_usb.dir/home/monica/pico-sdk/lib/tinyusb/src/class/cdc/cdc_device.c.o
 .text.tud_cdc_n_connected
                0x10005ffc       0x2c CMakeFiles/pico_sensor_usb.dir/home/monica/pico-sdk/lib/tinyusb/src/class/cdc/cdc_device.c.o
                0x10005ffc                tud_cdc_n_connected
 .text.tud_cdc_n_available
                0x10006028       0x14 CMakeFiles/pico_sensor_usb.dir/home/monica/pico-sdk/lib/tinyusb/src/class/cdc/cdc_device.c.o
                0x10006028                tud_cdc_n_available
 .text.tud_cdc_n_read
                0x1000603c       0x94 CMakeFiles/pico_sensor_usb.dir/home/monica/pico-sdk/lib/tinyusb/src/class/cdc/cdc_device.c.o
                0x1000603c                tud_cdc_n_read
 .text.tud_cdc_n_write_flush
                0x100060d0       0x74 CMakeFiles/pico_sensor_usb.dir/home/monica/pico-sdk/lib/tinyusb/src/class/cdc/cdc_device.c.o
                0x100060d0                tud_cdc_n_write_flush
 .text.tud_cdc_n_write
                0x10006144       0x40 CMakeFiles/pico_sensor_usb.dir/home/monica/pico-sdk/lib/tinyusb/src/class/cdc/cdc_device.c.o
                0x10006144                tud_cdc_n_write
 .text.tud_cdc_n_write_available
                0x10006184       0x14 CMakeFiles/pico_sensor_usb.dir/home/monica/pico-sdk/lib/tinyusb/src/class/cdc/cdc_device.c.o
                0x10006184                tud_cdc_n_write_available
 .text.cdcd_init
                0x10006198       0x70 CMakeFiles/pico_sensor_usb.dir/home/monica/pico-sdk/lib/tinyusb/src/class/cdc/cdc_device.c.o
                0x10006198                cdcd_init
 .text.cdcd_deinit
                0x10006208       0x34 CMakeFiles/pico_sensor_usb.dir/home/monica/pico-sdk/lib/tinyusb/src/class/cdc/cdc_device.c.o
                0x10006208                cdcd_deinit
 .text.cdcd_reset
                0x1000623c       0x4c CMakeFiles/pico_sensor_usb.dir/home/monica/pico-sdk/lib/tinyusb/src/class/cdc/cdc_device.c.o
                0x1000623c                cdcd_reset
 .text.cdcd_open
                0x10006288       0xa8 CMakeFiles/pico_sensor_usb.dir/home/monica/pico-sdk/lib/tinyusb/src/class/cdc/cdc_device.c.o
                0x10006288                cdcd_open
 .text.cdcd_control_xfer_cb
                0x10006330       0xe8 CMakeFiles/pico_sensor_usb.dir/home/monica/pico-sdk/lib/tinyusb/src/class/cdc/cdc_device.c.o
                0x10006330                cdcd_control_xfer_cb
 .text.cdcd_xfer_cb
                0x10006418      0x100 CMakeFiles/pico_sensor_usb.dir/home/monica/pico-sdk/lib/tinyusb/src/class/cdc/cdc_device.c.o
                0x10006418                cdcd_xfer_cb
 .text.vendord_init
                0x10006518       0x5c CMakeFiles/pico_sensor_usb.dir/home/monica/pico-sdk/lib/tinyusb/src/class/vendor/vendor_device.c.o
                0x10006518                vendord_init
 .text.vendord_deinit
                0x10006574       0x1c CMakeFiles/pico_sensor_usb.dir/home/monica/pico-sdk/lib/tinyusb/src/class/vendor/vendor_device.c.o
                0x10006574                vendord_deinit
 .text.vendord_reset
                0x10006590       0x28 CMakeFiles/pico_sensor_usb.dir/home/monica/pico-sdk/lib/tinyusb/src/class/vendor/vendor_device.c.o
                0x10006590                vendord_reset
 .text.vendord_open
                0x100065b8      0x128 CMakeFiles/pico_sensor_usb.dir/home/monica/pico-sdk/lib/tinyusb/src/class/vendor/vendor_device.c.o
                0x100065b8                vendord_open
 .text.vendord_xfer_cb
                0x100066e0       0x9c CMakeFiles/pico_sensor_usb.dir/home/monica/pico-sdk/lib/tinyusb/src/class/vendor/vendor_device.c.o
                0x100066e0                vendord_xfer_cb
 .text.tusb_rhport_init
                0x1000677c       0x48 CMakeFiles/pico_sensor_usb.dir/home/monica/pico-sdk/lib/tinyusb/src/tusb.c.o
                0x1000677c                tusb_rhport_init
 .text.tu_edpt_claim
                0x100067c4       0x50 CMakeFiles/pico_sensor_usb.dir/home/monica/pico-sdk/lib/tinyusb/src/tusb.c.o
                0x100067c4                tu_edpt_claim
 .text.tu_edpt_release
                0x10006814       0x38 CMakeFiles/pico_sensor_usb.dir/home/monica/pico-sdk/lib/tinyusb/src/tusb.c.o
                0x10006814                tu_edpt_release
 .text.tu_edpt_validate
                0x1000684c       0x7c CMakeFiles/pico_sensor_usb.dir/home/monica/pico-sdk/lib/tinyusb/src/tusb.c.o
                0x1000684c                tu_edpt_validate
 .text.tu_edpt_bind_driver
                0x100068c8       0x34 CMakeFiles/pico_sensor_usb.dir/home/monica/pico-sdk/lib/tinyusb/src/tusb.c.o
                0x100068c8                tu_edpt_bind_driver
 .text.tu_edpt_stream_init
                0x100068fc       0x6c CMakeFiles/pico_sensor_usb.dir/home/monica/pico-sdk/lib/tinyusb/src/tusb.c.o
                0x100068fc                tu_edpt_stream_init
 .text.tu_edpt_stream_deinit
                0x10006968        0x4 CMakeFiles/pico_sensor_usb.dir/home/monica/pico-sdk/lib/tinyusb/src/tusb.c.o
                0x10006968                tu_edpt_stream_deinit
 .text.tu_edpt_stream_write_zlp_if_needed
                0x1000696c       0x68 CMakeFiles/pico_sensor_usb.dir/home/monica/pico-sdk/lib/tinyusb/src/tusb.c.o
                0x1000696c                tu_edpt_stream_write_zlp_if_needed
 .text.tu_edpt_stream_write_xfer
                0x100069d4       0x64 CMakeFiles/pico_sensor_usb.dir/home/monica/pico-sdk/lib/tinyusb/src/tusb.c.o
                0x100069d4                tu_edpt_stream_write_xfer
 .text.tu_edpt_stream_read_xfer
                0x10006a38       0xdc CMakeFiles/pico_sensor_usb.dir/home/monica/pico-sdk/lib/tinyusb/src/tusb.c.o
                0x10006a38                tu_edpt_stream_read_xfer
 .text.tu_fifo_config
                0x10006b14       0x6c CMakeFiles/pico_sensor_usb.dir/home/monica/pico-sdk/lib/tinyusb/src/common/tusb_fifo.c.o
                0x10006b14                tu_fifo_config
 .text.tu_fifo_count
                0x10006b80       0x2c CMakeFiles/pico_sensor_usb.dir/home/monica/pico-sdk/lib/tinyusb/src/common/tusb_fifo.c.o
                0x10006b80                tu_fifo_count
 .text.tu_fifo_empty
                0x10006bac       0x10 CMakeFiles/pico_sensor_usb.dir/home/monica/pico-sdk/lib/tinyusb/src/common/tusb_fifo.c.o
                0x10006bac                tu_fifo_empty
 .text.tu_fifo_remaining
                0x10006bbc       0x2c CMakeFiles/pico_sensor_usb.dir/home/monica/pico-sdk/lib/tinyusb/src/common/tusb_fifo.c.o
                0x10006bbc                tu_fifo_remaining
 .text.tu_fifo_read
                0x10006be8       0x9c CMakeFiles/pico_sensor_usb.dir/home/monica/pico-sdk/lib/tinyusb/src/common/tusb_fifo.c.o
                0x10006be8                tu_fifo_read
 .text.tu_fifo_read_n
                0x10006c84       0xe8 CMakeFiles/pico_sensor_usb.dir/home/monica/pico-sdk/lib/tinyusb/src/common/tusb_fifo.c.o
                0x10006c84                tu_fifo_read_n
 .text.tu_fifo_write
                0x10006d6c       0xa8 CMakeFiles/pico_sensor_usb.dir/home/monica/pico-sdk/lib/tinyusb/src/common/tusb_fifo.c.o
                0x10006d6c                tu_fifo_write
 .text.tu_fifo_write_n
                0x10006e14      0x178 CMakeFiles/pico_sensor_usb.dir/home/monica/pico-sdk/lib/tinyusb/src/common/tusb_fifo.c.o
                0x10006e14                tu_fifo_write_n
 .text.tu_fifo_clear
                0x10006f8c       0x40 CMakeFiles/pico_sensor_usb.dir/home/monica/pico-sdk/lib/tinyusb/src/common/tusb_fifo.c.o
                0x10006f8c                tu_fifo_clear
 .text.tu_fifo_set_overwritable
                0x10006fcc       0x48 CMakeFiles/pico_sensor_usb.dir/home/monica/pico-sdk/lib/tinyusb/src/common/tusb_fifo.c.o
                0x10006fcc                tu_fifo_set_overwritable
 .text.adc_init
                0x10007014       0x38 CMakeFiles/pico_sensor_usb.dir/home/monica/pico-sdk/src/rp2_common/hardware_adc/adc.c.o
                0x10007014                adc_init
 .text          0x1000704c       0x88 /usr/lib/gcc/arm-none-eabi/13.2.1/../../../arm-none-eabi/lib/thumb/v6-m/nofp/libg.a(libc_a-strcmp.o)
                0x1000704c                strcmp
 .text          0x100070d4       0x10 /usr/lib/gcc/arm-none-eabi/13.2.1/../../../arm-none-eabi/lib/thumb/v6-m/nofp/libg.a(libc_a-atexit.o)
                0x100070d4                atexit
 .text          0x100070e4       0x5c /usr/lib/gcc/arm-none-eabi/13.2.1/../../../arm-none-eabi/lib/thumb/v6-m/nofp/libg.a(libc_a-strlen-stub.o)
                0x100070e4                strlen
 .text          0x10007140       0x28 /usr/lib/gcc/arm-none-eabi/13.2.1/../../../arm-none-eabi/lib/thumb/v6-m/nofp/libg.a(libc_a-fini.o)
                0x10007140                __libc_fini_array
 .text          0x10007168       0x78 /usr/lib/gcc/arm-none-eabi/13.2.1/../../../arm-none-eabi/lib/thumb/v6-m/nofp/libg.a(libc_a-__atexit.o)
                0x10007168                __register_exitproc
 .text.startup  0x100071e0       0x18 /usr/lib/gcc/arm-none-eabi/13.2.1/../../../arm-none-eabi/lib/thumb/v6-m/nofp/libg.a(libc_a-__call_atexit.o)
 *(.fini)
 .fini          0x100071f8        0x4 /usr/lib/gcc/arm-none-eabi/13.2.1/thumb/v6-m/nofp/crti.o
                0x100071f8                _fini
 *fill*         0x100071fc        0x4 
 .fini.__stub   0x10007200       0xc0 linker stubs
 *crtbegin.o(.ctors)
 *crtbegin?.o(.ctors)
 *(EXCLUDE_FILE(*crtend.o *crtend?.o) .ctors)
 *(SORT_BY_NAME(.ctors.*))
 *(.ctors)
 *crtbegin.o(.dtors)
 *crtbegin?.o(.dtors)
 *(EXCLUDE_FILE(*crtend.o *crtend?.o) .dtors)
 *(SORT_BY_NAME(.dtors.*))
 *(.dtors)
                0x100072c0                        . = ALIGN (0x4)
                0x100072c0                        PROVIDE (__preinit_array_start = .)
 *(SORT_BY_NAME(.preinit_array.*))
 .preinit_array.00100
                0x100072c0        0x4 CMakeFiles/pico_sensor_usb.dir/home/monica/pico-sdk/src/rp2_common/pico_runtime_init/runtime_init.c.o
                0x100072c0                __pre_init_runtime_init_early_resets
 .preinit_array.00101
                0x100072c4        0x4 CMakeFiles/pico_sensor_usb.dir/home/monica/pico-sdk/src/rp2_common/pico_runtime_init/runtime_init.c.o
                0x100072c4                __pre_init_runtime_init_usb_power_down
 .preinit_array.00275
                0x100072c8        0x4 CMakeFiles/pico_sensor_usb.dir/home/monica/pico-sdk/src/rp2_common/pico_bit_ops/bit_ops_aeabi.S.o
 .preinit_array.00300
                0x100072cc        0x4 CMakeFiles/pico_sensor_usb.dir/home/monica/pico-sdk/src/rp2_common/pico_mem_ops/mem_ops_aeabi.S.o
 .preinit_array.00350
                0x100072d0        0x4 CMakeFiles/pico_sensor_usb.dir/home/monica/pico-sdk/src/rp2_common/pico_double/double_aeabi_rp2040.S.o
 .preinit_array.00350
                0x100072d4        0x4 CMakeFiles/pico_sensor_usb.dir/home/monica/pico-sdk/src/rp2_common/pico_float/float_aeabi_rp2040.S.o
 .preinit_array.00500
                0x100072d8        0x4 CMakeFiles/pico_sensor_usb.dir/home/monica/pico-sdk/src/rp2_common/pico_runtime_init/runtime_init.c.o
                0x100072d8                __pre_init_runtime_init_clocks
 .preinit_array.00600
                0x100072dc        0x4 CMakeFiles/pico_sensor_usb.dir/home/monica/pico-sdk/src/rp2_common/pico_runtime_init/runtime_init.c.o
                0x100072dc                __pre_init_runtime_init_post_clock_resets
 .preinit_array.00700
                0x100072e0        0x4 CMakeFiles/pico_sensor_usb.dir/home/monica/pico-sdk/src/rp2_common/pico_runtime_init/runtime_init.c.o
                0x100072e0                __pre_init_runtime_init_rp2040_gpio_ie_disable
 .preinit_array.01000
                0x100072e4        0x4 CMakeFiles/pico_sensor_usb.dir/home/monica/pico-sdk/src/rp2_common/pico_runtime_init/runtime_init.c.o
                0x100072e4                __pre_init_runtime_init_spin_locks_reset
 .preinit_array.01100
                0x100072e8        0x4 CMakeFiles/pico_sensor_usb.dir/home/monica/pico-sdk/src/common/pico_sync/mutex.c.o
                0x100072e8                __pre_init_runtime_init_mutex
 .preinit_array.10080
                0x100072ec        0x4 CMakeFiles/pico_sensor_usb.dir/home/monica/pico-sdk/src/rp2_common/pico_runtime_init/runtime_init.c.o
                0x100072ec                __pre_init_runtime_init_install_ram_vector_table
 .preinit_array.11000
                0x100072f0        0x4 CMakeFiles/pico_sensor_usb.dir/home/monica/pico-sdk/src/common/pico_time/time.c.o
                0x100072f0                __pre_init_runtime_init_default_alarm_pool
 .preinit_array.YYYYY
                0x100072f4        0x4 CMakeFiles/pico_sensor_usb.dir/home/monica/pico-sdk/src/rp2_common/pico_runtime/runtime.c.o
                0x100072f4                __pre_init_first_per_core_initializer
 .preinit_array.ZZZZZ.01200
                0x100072f8        0x4 CMakeFiles/pico_sensor_usb.dir/home/monica/pico-sdk/src/rp2_common/hardware_irq/irq.c.o
                0x100072f8                __pre_init_runtime_init_per_core_irq_priorities
 *(.preinit_array)
                0x100072fc                        PROVIDE (__preinit_array_end = .)
                0x100072fc                        . = ALIGN (0x4)
                0x100072fc                        PROVIDE (__init_array_start = .)
 *(SORT_BY_NAME(.init_array.*))
 .init_array.00000
                0x100072fc        0x4 /usr/lib/gcc/arm-none-eabi/13.2.1/../../../arm-none-eabi/lib/thumb/v6-m/nofp/libg.a(libc_a-__call_atexit.o)
 .init_array.01000
                0x10007300        0x4 CMakeFiles/pico_sensor_usb.dir/home/monica/pico-sdk/src/rp2_common/pico_unique_id/unique_id.c.o
 *(.init_array)
 .init_array    0x10007304        0x4 /usr/lib/gcc/arm-none-eabi/13.2.1/thumb/v6-m/nofp/crtbegin.o
                0x10007308                        PROVIDE (__init_array_end = .)
                0x10007308                        . = ALIGN (0x4)
                0x10007308                        PROVIDE (__fini_array_start = .)
 *(SORT_BY_NAME(.fini_array.*))
 *(.fini_array)
                0x10007308                        PROVIDE (__fini_array_end = .)
 *(.eh_frame*)
 .eh_frame      0x10007308        0x0 /usr/lib/gcc/arm-none-eabi/13.2.1/thumb/v6-m/nofp/crtbegin.o
                0x10007308                        . = ALIGN (0x4)

.glue_7         0x10007308        0x0
 .glue_7        0x10007308        0x0 linker stubs

.glue_7t        0x10007308        0x0
 .glue_7t       0x10007308        0x0 linker stubs

.vfp11_veneer   0x10007308        0x0
 .vfp11_veneer  0x10007308        0x0 linker stubs

.v4_bx          0x10007308        0x0
 .v4_bx         0x10007308        0x0 linker stubs

.iplt           0x10007308        0x0
 .iplt          0x10007308        0x0 /usr/lib/gcc/arm-none-eabi/13.2.1/thumb/v6-m/nofp/crtbegin.o

.rodata         0x10007308      0x8e4
 *(EXCLUDE_FILE(*libm.a: *libc.a:*lib_a-mem*.o *libgcc.a:) .rodata*)
 .rodata.print_menu.str1.4
                0x10007308      0x43c CMakeFiles/pico_sensor_usb.dir/pico_sensor_usb.c.o
                                 0xe1 (size before relaxing)
 .rodata.main.str1.4
                0x10007744      0x1f9 CMakeFiles/pico_sensor_usb.dir/pico_sensor_usb.c.o
 .rodata.panic.str1.4
                0x10007744       0x12 CMakeFiles/pico_sensor_usb.dir/home/monica/pico-sdk/src/rp2_common/pico_platform_panic/panic.c.o
 .rodata.spin_lock_claim_unused.str1.4
                0x10007744       0x1b CMakeFiles/pico_sensor_usb.dir/home/monica/pico-sdk/src/rp2_common/hardware_sync/sync.c.o
 .rodata.user_irq_claim_unused.str1.4
                0x10007744       0x1b CMakeFiles/pico_sensor_usb.dir/home/monica/pico-sdk/src/rp2_common/hardware_irq/irq.c.o
 .rodata.timer_hardware_alarm_claim.str1.4
                0x10007744       0x22 CMakeFiles/pico_sensor_usb.dir/home/monica/pico-sdk/src/rp2_common/hardware_timer/timer.c.o
 .rodata.hard_assertion_failure.str1.4
                0x10007744        0xc CMakeFiles/pico_sensor_usb.dir/home/monica/pico-sdk/src/rp2_common/pico_runtime/runtime.c.o
 .rodata.str1.4
                0x10007744       0x44 CMakeFiles/pico_sensor_usb.dir/home/monica/pico-sdk/src/rp2_common/pico_standard_binary_info/standard_binary_info.c.o
 .rodata.__bi_84
                0x10007744        0xc CMakeFiles/pico_sensor_usb.dir/home/monica/pico-sdk/src/rp2_common/pico_standard_binary_info/standard_binary_info.c.o
 .rodata.__bi_78
                0x10007750        0xc CMakeFiles/pico_sensor_usb.dir/home/monica/pico-sdk/src/rp2_common/pico_standard_binary_info/standard_binary_info.c.o
 .rodata.__bi_54
                0x1000775c        0xc CMakeFiles/pico_sensor_usb.dir/home/monica/pico-sdk/src/rp2_common/pico_standard_binary_info/standard_binary_info.c.o
 .rodata.__bi_48
                0x10007768        0xc CMakeFiles/pico_sensor_usb.dir/home/monica/pico-sdk/src/rp2_common/pico_standard_binary_info/standard_binary_info.c.o
 .rodata.__bi_42
                0x10007774        0xc CMakeFiles/pico_sensor_usb.dir/home/monica/pico-sdk/src/rp2_common/pico_standard_binary_info/standard_binary_info.c.o
 .rodata.__bi_34
                0x10007780        0xc CMakeFiles/pico_sensor_usb.dir/home/monica/pico-sdk/src/rp2_common/pico_standard_binary_info/standard_binary_info.c.o
 .rodata.__bi_26
                0x1000778c        0xc CMakeFiles/pico_sensor_usb.dir/home/monica/pico-sdk/src/rp2_common/pico_standard_binary_info/standard_binary_info.c.o
 .rodata._ftoa.str1.4
                0x10007798       0x15 CMakeFiles/pico_sensor_usb.dir/home/monica/pico-sdk/src/rp2_common/pico_printf/printf.c.o
 .rodata._vsnprintf
                0x10007798      0x19c CMakeFiles/pico_sensor_usb.dir/home/monica/pico-sdk/src/rp2_common/pico_printf/printf.c.o
 *fill*         0x10007934        0x4 
 .rodata.pow10.0
                0x10007938       0x50 CMakeFiles/pico_sensor_usb.dir/home/monica/pico-sdk/src/rp2_common/pico_printf/printf.c.o
 .rodata.crlf_str.0
                0x10007988        0x2 CMakeFiles/pico_sensor_usb.dir/home/monica/pico-sdk/src/rp2_common/pico_stdio/stdio.c.o
 *fill*         0x1000798a        0x2 
 .rodata._resetd_driver
                0x1000798c       0x20 CMakeFiles/pico_sensor_usb.dir/home/monica/pico-sdk/src/rp2_common/pico_stdio_usb/reset_interface.c.o
 .rodata.desc_ms_os_20
                0x100079ac       0xa6 CMakeFiles/pico_sensor_usb.dir/home/monica/pico-sdk/src/rp2_common/pico_stdio_usb/reset_interface.c.o
 *fill*         0x10007a52        0x2 
 .rodata.desc_bos
                0x10007a54       0x21 CMakeFiles/pico_sensor_usb.dir/home/monica/pico-sdk/src/rp2_common/pico_stdio_usb/reset_interface.c.o
                0x10007a54                desc_bos
 .rodata.str1.4
                0x10007a75       0x13 CMakeFiles/pico_sensor_usb.dir/home/monica/pico-sdk/src/rp2_common/pico_stdio_usb/stdio_usb.c.o
 *fill*         0x10007a75        0x3 
 .rodata.__bi_202.0
                0x10007a78        0xc CMakeFiles/pico_sensor_usb.dir/home/monica/pico-sdk/src/rp2_common/pico_stdio_usb/stdio_usb.c.o
 .rodata.str1.4
                0x10007a84       0x2a CMakeFiles/pico_sensor_usb.dir/home/monica/pico-sdk/src/rp2_common/pico_stdio_usb/stdio_usb_descriptors.c.o
 .rodata.usbd_desc_str
                0x10007a84       0x18 CMakeFiles/pico_sensor_usb.dir/home/monica/pico-sdk/src/rp2_common/pico_stdio_usb/stdio_usb_descriptors.c.o
 .rodata.usbd_desc_cfg
                0x10007a9c       0x54 CMakeFiles/pico_sensor_usb.dir/home/monica/pico-sdk/src/rp2_common/pico_stdio_usb/stdio_usb_descriptors.c.o
 .rodata.usbd_desc_device
                0x10007af0       0x12 CMakeFiles/pico_sensor_usb.dir/home/monica/pico-sdk/src/rp2_common/pico_stdio_usb/stdio_usb_descriptors.c.o
 .rodata.str1.4
                0x10007b02       0x14 CMakeFiles/pico_sensor_usb.dir/home/monica/pico-sdk/lib/tinyusb/src/portable/raspberrypi/rp2040/dcd_rp2040.c.o
 .rodata.str1.4
                0x10007b02       0x48 CMakeFiles/pico_sensor_usb.dir/home/monica/pico-sdk/lib/tinyusb/src/portable/raspberrypi/rp2040/rp2040_usb.c.o
 *fill*         0x10007b02        0x2 
 .rodata.tud_task_ext
                0x10007b04       0x8c CMakeFiles/pico_sensor_usb.dir/home/monica/pico-sdk/lib/tinyusb/src/device/usbd.c.o
 .rodata        0x10007b90       0x1c CMakeFiles/pico_sensor_usb.dir/home/monica/pico-sdk/lib/tinyusb/src/device/usbd.c.o
 .rodata._usbd_driver
                0x10007bac       0x40 CMakeFiles/pico_sensor_usb.dir/home/monica/pico-sdk/lib/tinyusb/src/device/usbd.c.o
                0x10007bec                        . = ALIGN (0x4)
 *(SORT_BY_ALIGNMENT(SORT_BY_NAME(.flashdata*)))
                0x10007bec                        . = ALIGN (0x4)

.ARM.extab
 *(.ARM.extab* .gnu.linkonce.armextab.*)
                0x10007bec                        __exidx_start = .

.ARM.exidx
 *(.ARM.exidx* .gnu.linkonce.armexidx.*)
                0x10007bec                        __exidx_end = .
                0x10007bec                        . = ALIGN (0x4)
                0x10007bec                        __binary_info_start = .

.binary_info    0x10007bec       0x20
 *(.binary_info.keep.*)
 .binary_info.keep.__bi_ptr84
                0x10007bec        0x4 CMakeFiles/pico_sensor_usb.dir/home/monica/pico-sdk/src/rp2_common/pico_standard_binary_info/standard_binary_info.c.o
 .binary_info.keep.__bi_ptr78
                0x10007bf0        0x4 CMakeFiles/pico_sensor_usb.dir/home/monica/pico-sdk/src/rp2_common/pico_standard_binary_info/standard_binary_info.c.o
 .binary_info.keep.__bi_ptr54
                0x10007bf4        0x4 CMakeFiles/pico_sensor_usb.dir/home/monica/pico-sdk/src/rp2_common/pico_standard_binary_info/standard_binary_info.c.o
 .binary_info.keep.__bi_ptr48
                0x10007bf8        0x4 CMakeFiles/pico_sensor_usb.dir/home/monica/pico-sdk/src/rp2_common/pico_standard_binary_info/standard_binary_info.c.o
 .binary_info.keep.__bi_ptr42
                0x10007bfc        0x4 CMakeFiles/pico_sensor_usb.dir/home/monica/pico-sdk/src/rp2_common/pico_standard_binary_info/standard_binary_info.c.o
 .binary_info.keep.__bi_ptr34
                0x10007c00        0x4 CMakeFiles/pico_sensor_usb.dir/home/monica/pico-sdk/src/rp2_common/pico_standard_binary_info/standard_binary_info.c.o
 .binary_info.keep.__bi_ptr26
                0x10007c04        0x4 CMakeFiles/pico_sensor_usb.dir/home/monica/pico-sdk/src/rp2_common/pico_standard_binary_info/standard_binary_info.c.o
 *(.binary_info.*)
 .binary_info.__bi_ptr202
                0x10007c08        0x4 CMakeFiles/pico_sensor_usb.dir/home/monica/pico-sdk/src/rp2_common/pico_stdio_usb/stdio_usb.c.o
                0x10007c0c                        __binary_info_end = .
                0x10007c0c                        . = ALIGN (0x4)

.ram_vector_table
                0x20000000       0xc0
 *(.ram_vector_table)
 .ram_vector_table
                0x20000000       0xc0 CMakeFiles/pico_sensor_usb.dir/home/monica/pico-sdk/src/rp2_common/pico_runtime_init/runtime_init.c.o
                0x20000000                ram_vector_table

.uninitialized_data
                0x200000c0        0x0
                0x200000c0                        . = ALIGN (0x4)
 *(.uninitialized_data*)

.data           0x200000c0      0xfb8 load address 0x10007c0c
                0x200000c0                        __data_start__ = .
 *(vtable)
 *(.time_critical*)
 .time_critical.mutex_try_enter
                0x200000c0       0x40 CMakeFiles/pico_sensor_usb.dir/home/monica/pico-sdk/src/common/pico_sync/mutex.c.o
                0x200000c0                mutex_try_enter
 .time_critical.mutex_try_enter_block_until
                0x20000100       0x9c CMakeFiles/pico_sensor_usb.dir/home/monica/pico-sdk/src/common/pico_sync/mutex.c.o
                0x20000100                mutex_try_enter_block_until
 .time_critical.mutex_enter_timeout_ms
                0x2000019c       0x90 CMakeFiles/pico_sensor_usb.dir/home/monica/pico-sdk/src/common/pico_sync/mutex.c.o
                0x2000019c                mutex_enter_timeout_ms
 .time_critical.mutex_exit
                0x2000022c       0x28 CMakeFiles/pico_sensor_usb.dir/home/monica/pico-sdk/src/common/pico_sync/mutex.c.o
                0x2000022c                mutex_exit
 .time_critical.flash_init_boot2_copyout
                0x20000254       0x30 CMakeFiles/pico_sensor_usb.dir/home/monica/pico-sdk/src/rp2_common/hardware_flash/flash.c.o
 .time_critical.flash_enable_xip_via_boot2
                0x20000284        0xc CMakeFiles/pico_sensor_usb.dir/home/monica/pico-sdk/src/rp2_common/hardware_flash/flash.c.o
 .time_critical.flash_save_hardware_state
                0x20000290       0x20 CMakeFiles/pico_sensor_usb.dir/home/monica/pico-sdk/src/rp2_common/hardware_flash/flash.c.o
 .time_critical.flash_restore_hardware_state
                0x200002b0       0x20 CMakeFiles/pico_sensor_usb.dir/home/monica/pico-sdk/src/rp2_common/hardware_flash/flash.c.o
 .time_critical.flash_cs_force
                0x200002d0       0x38 CMakeFiles/pico_sensor_usb.dir/home/monica/pico-sdk/src/rp2_common/hardware_flash/flash.c.o
 .time_critical.flash_do_cmd
                0x20000308       0xd0 CMakeFiles/pico_sensor_usb.dir/home/monica/pico-sdk/src/rp2_common/hardware_flash/flash.c.o
                0x20000308                flash_do_cmd
 .time_critical.reset_non_control_endpoints
                0x200003d8       0x68 CMakeFiles/pico_sensor_usb.dir/home/monica/pico-sdk/lib/tinyusb/src/portable/raspberrypi/rp2040/dcd_rp2040.c.o
 .time_critical.hw_handle_buff_status
                0x20000440       0xa0 CMakeFiles/pico_sensor_usb.dir/home/monica/pico-sdk/lib/tinyusb/src/portable/raspberrypi/rp2040/dcd_rp2040.c.o
 .time_critical.dcd_rp2040_irq
                0x200004e0      0x544 CMakeFiles/pico_sensor_usb.dir/home/monica/pico-sdk/lib/tinyusb/src/portable/raspberrypi/rp2040/dcd_rp2040.c.o
 .time_critical.prepare_ep_buffer
                0x20000a24       0xe0 CMakeFiles/pico_sensor_usb.dir/home/monica/pico-sdk/lib/tinyusb/src/portable/raspberrypi/rp2040/rp2040_usb.c.o
 .time_critical.sync_ep_buffer
                0x20000b04       0xa8 CMakeFiles/pico_sensor_usb.dir/home/monica/pico-sdk/lib/tinyusb/src/portable/raspberrypi/rp2040/rp2040_usb.c.o
 .time_critical._hw_endpoint_xfer_sync
                0x20000bac       0x28 CMakeFiles/pico_sensor_usb.dir/home/monica/pico-sdk/lib/tinyusb/src/portable/raspberrypi/rp2040/rp2040_usb.c.o
 .time_critical.e15_is_bulkin_ep
                0x20000bd4       0x28 CMakeFiles/pico_sensor_usb.dir/home/monica/pico-sdk/lib/tinyusb/src/portable/raspberrypi/rp2040/rp2040_usb.c.o
 .time_critical.e15_is_critical_frame_period
                0x20000bfc       0x34 CMakeFiles/pico_sensor_usb.dir/home/monica/pico-sdk/lib/tinyusb/src/portable/raspberrypi/rp2040/rp2040_usb.c.o
 .time_critical.hw_endpoint_reset_transfer
                0x20000c30        0xc CMakeFiles/pico_sensor_usb.dir/home/monica/pico-sdk/lib/tinyusb/src/portable/raspberrypi/rp2040/rp2040_usb.c.o
                0x20000c30                hw_endpoint_reset_transfer
 .time_critical._hw_endpoint_buffer_control_update32
                0x20000c3c       0x50 CMakeFiles/pico_sensor_usb.dir/home/monica/pico-sdk/lib/tinyusb/src/portable/raspberrypi/rp2040/rp2040_usb.c.o
                0x20000c3c                _hw_endpoint_buffer_control_update32
 .time_critical.hw_endpoint_start_next_buffer
                0x20000c8c       0x6c CMakeFiles/pico_sensor_usb.dir/home/monica/pico-sdk/lib/tinyusb/src/portable/raspberrypi/rp2040/rp2040_usb.c.o
                0x20000c8c                hw_endpoint_start_next_buffer
 .time_critical.hw_endpoint_xfer_continue
                0x20000cf8       0x40 CMakeFiles/pico_sensor_usb.dir/home/monica/pico-sdk/lib/tinyusb/src/portable/raspberrypi/rp2040/rp2040_usb.c.o
                0x20000cf8                hw_endpoint_xfer_continue
 .time_critical.tinyusb
                0x20000d38      0x1e4 CMakeFiles/pico_sensor_usb.dir/home/monica/pico-sdk/lib/tinyusb/src/device/usbd.c.o
                0x20000d38                dcd_event_handler
 *(.text*)
 .text          0x20000f1c        0x4 /usr/lib/gcc/arm-none-eabi/13.2.1/thumb/v6-m/nofp/libgcc.a(_dvmd_tls.o)
                0x20000f1c                __aeabi_ldiv0
                0x20000f1c                __aeabi_idiv0
 .text.__stub   0x20000f20       0x80 linker stubs
                0x20000fa0                        . = ALIGN (0x4)
 *(.rodata*)
                0x20000fa0                        . = ALIGN (0x4)
 *(.data*)
 .data.striped_spin_lock_num
                0x20000fa0        0x1 CMakeFiles/pico_sensor_usb.dir/home/monica/pico-sdk/src/rp2_common/hardware_sync/sync.c.o
 *fill*         0x20000fa1        0x3 
 .data          0x20000fa4       0x48 CMakeFiles/pico_sensor_usb.dir/home/monica/pico-sdk/src/rp2_common/hardware_irq/irq_handler_chain.S.o
                0x20000fa4                irq_handler_chain_slots
                0x20000fd4                irq_handler_chain_first_slot
                0x20000fde                irq_handler_chain_remove_tail
 .data.default_alarm_pool
                0x20000fec       0x18 CMakeFiles/pico_sensor_usb.dir/home/monica/pico-sdk/src/common/pico_time/time.c.o
 *fill*         0x20001004        0xc 
 .data.aeabi_bits_funcs
                0x20001010       0x10 CMakeFiles/pico_sensor_usb.dir/home/monica/pico-sdk/src/rp2_common/pico_bit_ops/bit_ops_aeabi.S.o
                0x20001010                aeabi_bits_funcs
                0x20001020                aeabi_bits_funcs_end
 .data.aeabi_mem_funcs
                0x20001020       0x10 CMakeFiles/pico_sensor_usb.dir/home/monica/pico-sdk/src/rp2_common/pico_mem_ops/mem_ops_aeabi.S.o
                0x20001020                aeabi_mem_funcs
                0x20001030                aeabi_mem_funcs_end
 .data.stdio_usb
                0x20001030       0x18 CMakeFiles/pico_sensor_usb.dir/home/monica/pico-sdk/src/rp2_common/pico_stdio_usb/stdio_usb.c.o
                0x20001030                stdio_usb
 .data._usbd_qdef
                0x20001048       0x1c CMakeFiles/pico_sensor_usb.dir/home/monica/pico-sdk/lib/tinyusb/src/device/usbd.c.o
                0x20001048                _usbd_qdef
 .data._usbd_rhport
                0x20001064        0x1 CMakeFiles/pico_sensor_usb.dir/home/monica/pico-sdk/lib/tinyusb/src/device/usbd.c.o
                0x20001068                        . = ALIGN (0x4)
 *fill*         0x20001065        0x3 
 *(.after_data.*)
                0x20001068                        . = ALIGN (0x4)
                0x20001068                        PROVIDE (__mutex_array_start = .)
 *(SORT_BY_NAME(.mutex_array.*))
 *(.mutex_array)
 .mutex_array   0x20001068        0x8 CMakeFiles/pico_sensor_usb.dir/home/monica/pico-sdk/src/rp2_common/pico_malloc/malloc.c.o
 .mutex_array   0x20001070        0x8 CMakeFiles/pico_sensor_usb.dir/home/monica/pico-sdk/src/rp2_common/pico_stdio/stdio.c.o
                0x20001078                        PROVIDE (__mutex_array_end = .)
                0x20001078                        . = ALIGN (0x4)
 *(.jcr)
                0x20001078                        . = ALIGN (0x4)

.tm_clone_table
                0x20001078        0x0 load address 0x10008bc4
 .tm_clone_table
                0x20001078        0x0 /usr/lib/gcc/arm-none-eabi/13.2.1/thumb/v6-m/nofp/crtbegin.o
 .tm_clone_table
                0x20001078        0x0 /usr/lib/gcc/arm-none-eabi/13.2.1/thumb/v6-m/nofp/crtend.o

.igot.plt       0x20001078        0x0 load address 0x10008bc4
 .igot.plt      0x20001078        0x0 /usr/lib/gcc/arm-none-eabi/13.2.1/thumb/v6-m/nofp/crtbegin.o

.tdata          0x20001078        0x0 load address 0x10008bc4
                0x20001078                        . = ALIGN (0x4)
 *(.tdata .tdata.* .gnu.linkonce.td.*)
                0x20001078                        __tdata_end = .
                0x20001078                        PROVIDE (__data_end__ = .)
                0x10007c0c                        __etext = LOADADDR (.data)

.tbss           0x20001078        0x0 load address 0x10008bc4
                0x20001078                        . = ALIGN (0x4)
                0x20001078                        __bss_start__ = .
                0x20001078                        __tls_base = .
 *(.tbss .tbss.* .gnu.linkonce.tb.*)
 *(.tcommon)
                0x20001078                        __tls_end = .

.bss            0x20001078     0x109c load address 0x10008bc4
                0x20001078                        . = ALIGN (0x4)
                0x20001078                        __tbss_end = .
 *(SORT_BY_ALIGNMENT(SORT_BY_NAME(.bss*)))
 .bss.default_alarm_pool_entries
                0x20001078      0x180 CMakeFiles/pico_sensor_usb.dir/home/monica/pico-sdk/src/common/pico_time/time.c.o
 .bss.last_avail_time.1
                0x200011f8        0x8 CMakeFiles/pico_sensor_usb.dir/home/monica/pico-sdk/src/rp2_common/pico_stdio_usb/stdio_usb.c.o
 .bss.sd_table  0x20001200      0x100 CMakeFiles/pico_sensor_usb.dir/home/monica/pico-sdk/src/rp2_common/pico_double/double_init_rom_rp2040.c.o
                0x20001200                sd_table
 .bss.sf_table  0x20001300      0x100 CMakeFiles/pico_sensor_usb.dir/home/monica/pico-sdk/src/rp2_common/pico_float/float_init_rom_rp2040.c.o
                0x20001300                sf_table
 .bss           0x20001400       0x1c /usr/lib/gcc/arm-none-eabi/13.2.1/thumb/v6-m/nofp/crtbegin.o
 .bss           0x2000141c      0x190 /usr/lib/gcc/arm-none-eabi/13.2.1/../../../arm-none-eabi/lib/thumb/v6-m/nofp/libg.a(libc_a-__atexit.o)
                0x2000141c                __atexit0
 .bss           0x200015ac        0x4 /usr/lib/gcc/arm-none-eabi/13.2.1/../../../arm-none-eabi/lib/thumb/v6-m/nofp/libg.a(libc_a-__call_atexit.o)
                0x200015ac                __atexit
 .bss._app_driver
                0x200015b0        0x4 CMakeFiles/pico_sensor_usb.dir/home/monica/pico-sdk/lib/tinyusb/src/device/usbd.c.o
 .bss._cdcd_epbuf
                0x200015b4       0x80 CMakeFiles/pico_sensor_usb.dir/home/monica/pico-sdk/lib/tinyusb/src/class/cdc/cdc_device.c.o
 .bss._cdcd_fifo_cfg
                0x20001634        0x1 CMakeFiles/pico_sensor_usb.dir/home/monica/pico-sdk/lib/tinyusb/src/class/cdc/cdc_device.c.o
 *fill*         0x20001635        0x3 
 .bss._cdcd_itf
                0x20001638       0xc8 CMakeFiles/pico_sensor_usb.dir/home/monica/pico-sdk/lib/tinyusb/src/class/cdc/cdc_device.c.o
 .bss._ctrl_epbuf
                0x20001700       0x40 CMakeFiles/pico_sensor_usb.dir/home/monica/pico-sdk/lib/tinyusb/src/device/usbd_control.c.o
 .bss._ctrl_xfer
                0x20001740       0x14 CMakeFiles/pico_sensor_usb.dir/home/monica/pico-sdk/lib/tinyusb/src/device/usbd_control.c.o
 .bss._tusb_rhport_role
                0x20001754        0x2 CMakeFiles/pico_sensor_usb.dir/home/monica/pico-sdk/lib/tinyusb/src/tusb.c.o
                0x20001754                _tusb_rhport_role
 *fill*         0x20001756        0x2 
 .bss._ubsd_mutexdef
                0x20001758        0x8 CMakeFiles/pico_sensor_usb.dir/home/monica/pico-sdk/lib/tinyusb/src/device/usbd.c.o
 .bss._usbd_dev
                0x20001760       0x54 CMakeFiles/pico_sensor_usb.dir/home/monica/pico-sdk/lib/tinyusb/src/device/usbd.c.o
 .bss._usbd_mutex
                0x200017b4        0x4 CMakeFiles/pico_sensor_usb.dir/home/monica/pico-sdk/lib/tinyusb/src/device/usbd.c.o
 .bss._usbd_q   0x200017b8        0x4 CMakeFiles/pico_sensor_usb.dir/home/monica/pico-sdk/lib/tinyusb/src/device/usbd.c.o
 .bss._usbd_qdef_buf
                0x200017bc       0xc0 CMakeFiles/pico_sensor_usb.dir/home/monica/pico-sdk/lib/tinyusb/src/device/usbd.c.o
                0x200017bc                _usbd_qdef_buf
 .bss._vendord_epbuf
                0x2000187c       0x80 CMakeFiles/pico_sensor_usb.dir/home/monica/pico-sdk/lib/tinyusb/src/class/vendor/vendor_device.c.o
 .bss._vendord_itf
                0x200018fc      0x24c CMakeFiles/pico_sensor_usb.dir/home/monica/pico-sdk/lib/tinyusb/src/class/vendor/vendor_device.c.o
 .bss.boot2_copyout
                0x20001b48      0x100 CMakeFiles/pico_sensor_usb.dir/home/monica/pico-sdk/src/rp2_common/hardware_flash/flash.c.o
 .bss.chars_available_callback
                0x20001c48        0x4 CMakeFiles/pico_sensor_usb.dir/home/monica/pico-sdk/src/rp2_common/pico_stdio_usb/stdio_usb.c.o
 .bss.chars_available_param
                0x20001c4c        0x4 CMakeFiles/pico_sensor_usb.dir/home/monica/pico-sdk/src/rp2_common/pico_stdio_usb/stdio_usb.c.o
 .bss.claimed   0x20001c50        0x4 CMakeFiles/pico_sensor_usb.dir/home/monica/pico-sdk/src/rp2_common/hardware_sync/sync.c.o
 .bss.claimed   0x20001c54        0x1 CMakeFiles/pico_sensor_usb.dir/home/monica/pico-sdk/src/rp2_common/hardware_timer/timer.c.o
 *fill*         0x20001c55        0x3 
 .bss.configured_freq
                0x20001c58       0x28 CMakeFiles/pico_sensor_usb.dir/home/monica/pico-sdk/src/rp2_common/hardware_clocks/clocks.c.o
 .bss.desc_str.0
                0x20001c80       0x28 CMakeFiles/pico_sensor_usb.dir/home/monica/pico-sdk/src/rp2_common/pico_stdio_usb/stdio_usb_descriptors.c.o
 .bss.drivers   0x20001ca8        0x4 CMakeFiles/pico_sensor_usb.dir/home/monica/pico-sdk/src/rp2_common/pico_stdio/stdio.c.o
 .bss.e15_last_sof
                0x20001cac        0x4 CMakeFiles/pico_sensor_usb.dir/home/monica/pico-sdk/lib/tinyusb/src/portable/raspberrypi/rp2040/rp2040_usb.c.o
                0x20001cac                e15_last_sof
 .bss.filter    0x20001cb0        0x4 CMakeFiles/pico_sensor_usb.dir/home/monica/pico-sdk/src/rp2_common/pico_stdio/stdio.c.o
 .bss.hw_endpoints
                0x20001cb4      0x400 CMakeFiles/pico_sensor_usb.dir/home/monica/pico-sdk/lib/tinyusb/src/portable/raspberrypi/rp2040/dcd_rp2040.c.o
 .bss.last_print.0
                0x200020b4        0x4 CMakeFiles/pico_sensor_usb.dir/pico_sensor_usb.c.o
 .bss.last_update.1
                0x200020b8        0x4 CMakeFiles/pico_sensor_usb.dir/pico_sensor_usb.c.o
 .bss.lazy_vsnprintf
                0x200020bc        0x4 CMakeFiles/pico_sensor_usb.dir/home/monica/pico-sdk/src/rp2_common/pico_printf/printf.c.o
 .bss.load_value
                0x200020c0        0x4 CMakeFiles/pico_sensor_usb.dir/home/monica/pico-sdk/src/rp2_common/hardware_watchdog/watchdog.c.o
 .bss.next_buffer_ptr
                0x200020c4        0x4 CMakeFiles/pico_sensor_usb.dir/home/monica/pico-sdk/lib/tinyusb/src/portable/raspberrypi/rp2040/dcd_rp2040.c.o
 .bss.one_shot_timer_crit_sec
                0x200020c8        0x8 CMakeFiles/pico_sensor_usb.dir/home/monica/pico-sdk/src/rp2_common/pico_stdio_usb/stdio_usb.c.o
 .bss.pools     0x200020d0       0x10 CMakeFiles/pico_sensor_usb.dir/home/monica/pico-sdk/src/common/pico_time/time.c.o
 .bss.retrieved_id
                0x200020e0        0x8 CMakeFiles/pico_sensor_usb.dir/home/monica/pico-sdk/src/rp2_common/pico_unique_id/unique_id.c.o
 .bss.sf_clz_func
                0x200020e8        0x4 CMakeFiles/pico_sensor_usb.dir/home/monica/pico-sdk/src/rp2_common/pico_double/double_init_rom_rp2040.c.o
                0x200020e8                sf_clz_func
 .bss.sleep_notifier
                0x200020ec        0x4 CMakeFiles/pico_sensor_usb.dir/home/monica/pico-sdk/src/common/pico_time/time.c.o
 .bss.stdio_usb_mutex
                0x200020f0        0x8 CMakeFiles/pico_sensor_usb.dir/home/monica/pico-sdk/src/rp2_common/pico_stdio_usb/stdio_usb.c.o
 .bss.usbd_serial_str
                0x200020f8       0x11 CMakeFiles/pico_sensor_usb.dir/home/monica/pico-sdk/src/rp2_common/pico_stdio_usb/stdio_usb_descriptors.c.o
 .bss._app_driver_count
                0x20002109        0x1 CMakeFiles/pico_sensor_usb.dir/home/monica/pico-sdk/lib/tinyusb/src/device/usbd.c.o
 .bss._sof_enable
                0x2000210a        0x1 CMakeFiles/pico_sensor_usb.dir/home/monica/pico-sdk/lib/tinyusb/src/portable/raspberrypi/rp2040/dcd_rp2040.c.o
 .bss._usbd_queued_setup
                0x2000210b        0x1 CMakeFiles/pico_sensor_usb.dir/home/monica/pico-sdk/lib/tinyusb/src/device/usbd.c.o
 .bss.boot2_copyout_valid
                0x2000210c        0x1 CMakeFiles/pico_sensor_usb.dir/home/monica/pico-sdk/src/rp2_common/hardware_flash/flash.c.o
 .bss.irq_handler_chain_free_slot_head
                0x2000210d        0x1 CMakeFiles/pico_sensor_usb.dir/home/monica/pico-sdk/src/rp2_common/hardware_irq/irq.c.o
 .bss.itf_num   0x2000210e        0x1 CMakeFiles/pico_sensor_usb.dir/home/monica/pico-sdk/src/rp2_common/pico_stdio_usb/reset_interface.c.o
 .bss.low_priority_irq_num
                0x2000210f        0x1 CMakeFiles/pico_sensor_usb.dir/home/monica/pico-sdk/src/rp2_common/pico_stdio_usb/stdio_usb.c.o
 .bss.one_shot_timer_pending
                0x20002110        0x1 CMakeFiles/pico_sensor_usb.dir/home/monica/pico-sdk/src/rp2_common/pico_stdio_usb/stdio_usb.c.o
 .bss.user_irq_claimed
                0x20002111        0x1 CMakeFiles/pico_sensor_usb.dir/home/monica/pico-sdk/src/rp2_common/hardware_irq/irq.c.o
 *(COMMON)
                0x20002114                        . = ALIGN (0x4)
 *fill*         0x20002112        0x2 
                0x20002114                        __bss_end__ = .

.heap           0x20002114      0x800 load address 0x10008bc4
                0x20002114                        __end__ = .
                0x20002114                        end = __end__
 *(.heap*)
 .heap          0x20002114      0x800 CMakeFiles/pico_sensor_usb.dir/home/monica/pico-sdk/src/rp2_common/pico_crt0/crt0.S.o
                0x20040000                        __HeapLimit = (ORIGIN (RAM) + LENGTH (RAM))

.scratch_x      0x20040000        0x0 load address 0x10008bc4
                0x20040000                        __scratch_x_start__ = .
 *(.scratch_x.*)
                0x20040000                        . = ALIGN (0x4)
                0x20040000                        __scratch_x_end__ = .
                0x10008bc4                        __scratch_x_source__ = LOADADDR (.scratch_x)

.scratch_y      0x20041000        0x0 load address 0x10008bc4
                0x20041000                        __scratch_y_start__ = .
 *(.scratch_y.*)
                0x20041000                        . = ALIGN (0x4)
                0x20041000                        __scratch_y_end__ = .
                0x10008bc4                        __scratch_y_source__ = LOADADDR (.scratch_y)

.stack1_dummy   0x20040000      0x800
 *(.stack1*)
 .stack1        0x20040000      0x800 CMakeFiles/pico_sensor_usb.dir/home/monica/pico-sdk/src/rp2_common/pico_multicore/multicore.c.o

.stack_dummy    0x20041000      0x800
 *(.stack*)
 .stack         0x20041000      0x800 CMakeFiles/pico_sensor_usb.dir/home/monica/pico-sdk/src/rp2_common/pico_crt0/crt0.S.o

.rel.dyn        0x20041800        0x0
 .rel.iplt      0x20041800        0x0 /usr/lib/gcc/arm-none-eabi/13.2.1/thumb/v6-m/nofp/crtbegin.o

.flash_end      0x10008bc4        0x0
 *(.embedded_end_block*)
                0x10008bc4                        PROVIDE (__flash_binary_end = .)
                0x20040000                        __StackLimit = (ORIGIN (RAM) + LENGTH (RAM))
                0x20041000                        __StackOneTop = (ORIGIN (SCRATCH_X) + LENGTH (SCRATCH_X))
                0x20042000                        __StackTop = (ORIGIN (SCRATCH_Y) + LENGTH (SCRATCH_Y))
                0x20040800                        __StackOneBottom = (__StackOneTop - SIZEOF (.stack1_dummy))
                0x20041800                        __StackBottom = (__StackTop - SIZEOF (.stack_dummy))
                0x20042000                        PROVIDE (__stack = __StackTop)
                [!provide]                        PROVIDE (__heap_start = __end__)
                [!provide]                        PROVIDE (__heap_end = __HeapLimit)
                [!provide]                        PROVIDE (__tls_align = MAX (ALIGNOF (.tdata), ALIGNOF (.tbss)))
                [!provide]                        PROVIDE (__tls_size_align = (((__tls_size + __tls_align) - 0x1) & ~ ((__tls_align - 0x1))))
                [!provide]                        PROVIDE (__arm32_tls_tcb_offset = MAX (0x8, __tls_align))
                [!provide]                        PROVIDE (_end = __end__)
                [!provide]                        PROVIDE (__llvm_libc_heap_limit = __HeapLimit)
                0x00000001                        ASSERT ((__StackLimit >= __HeapLimit), region RAM overflowed)
                0x00000001                        ASSERT (((__binary_info_header_end - __logical_binary_start) <= 0x100), Binary info must be in first 256 bytes of the binary)
LOAD CMakeFiles/pico_sensor_usb.dir/pico_sensor_usb.c.o
LOAD CMakeFiles/pico_sensor_usb.dir/home/monica/pico-sdk/src/rp2_common/pico_stdlib/stdlib.c.o
LOAD CMakeFiles/pico_sensor_usb.dir/home/monica/pico-sdk/src/rp2_common/hardware_gpio/gpio.c.o
LOAD CMakeFiles/pico_sensor_usb.dir/home/monica/pico-sdk/src/rp2040/pico_platform/platform.c.o
LOAD CMakeFiles/pico_sensor_usb.dir/home/monica/pico-sdk/src/rp2_common/pico_platform_common/common.c.o
LOAD CMakeFiles/pico_sensor_usb.dir/home/monica/pico-sdk/src/rp2_common/pico_platform_panic/panic.c.o
LOAD CMakeFiles/pico_sensor_usb.dir/home/monica/pico-sdk/src/common/hardware_claim/claim.c.o
LOAD CMakeFiles/pico_sensor_usb.dir/home/monica/pico-sdk/src/rp2_common/hardware_sync/sync.c.o
LOAD CMakeFiles/pico_sensor_usb.dir/home/monica/pico-sdk/src/rp2_common/hardware_sync_spin_lock/sync_spin_lock.c.o
LOAD CMakeFiles/pico_sensor_usb.dir/home/monica/pico-sdk/src/rp2_common/hardware_irq/irq.c.o
LOAD CMakeFiles/pico_sensor_usb.dir/home/monica/pico-sdk/src/rp2_common/hardware_irq/irq_handler_chain.S.o
LOAD CMakeFiles/pico_sensor_usb.dir/home/monica/pico-sdk/src/common/pico_sync/sem.c.o
LOAD CMakeFiles/pico_sensor_usb.dir/home/monica/pico-sdk/src/common/pico_sync/lock_core.c.o
LOAD CMakeFiles/pico_sensor_usb.dir/home/monica/pico-sdk/src/common/pico_sync/mutex.c.o
LOAD CMakeFiles/pico_sensor_usb.dir/home/monica/pico-sdk/src/common/pico_sync/critical_section.c.o
LOAD CMakeFiles/pico_sensor_usb.dir/home/monica/pico-sdk/src/common/pico_time/time.c.o
LOAD CMakeFiles/pico_sensor_usb.dir/home/monica/pico-sdk/src/common/pico_time/timeout_helper.c.o
LOAD CMakeFiles/pico_sensor_usb.dir/home/monica/pico-sdk/src/rp2_common/hardware_timer/timer.c.o
LOAD CMakeFiles/pico_sensor_usb.dir/home/monica/pico-sdk/src/common/pico_util/datetime.c.o
LOAD CMakeFiles/pico_sensor_usb.dir/home/monica/pico-sdk/src/common/pico_util/pheap.c.o
LOAD CMakeFiles/pico_sensor_usb.dir/home/monica/pico-sdk/src/common/pico_util/queue.c.o
LOAD CMakeFiles/pico_sensor_usb.dir/home/monica/pico-sdk/src/rp2_common/hardware_uart/uart.c.o
LOAD CMakeFiles/pico_sensor_usb.dir/home/monica/pico-sdk/src/rp2_common/hardware_clocks/clocks.c.o
LOAD CMakeFiles/pico_sensor_usb.dir/home/monica/pico-sdk/src/rp2_common/hardware_pll/pll.c.o
LOAD CMakeFiles/pico_sensor_usb.dir/home/monica/pico-sdk/src/rp2_common/hardware_vreg/vreg.c.o
LOAD CMakeFiles/pico_sensor_usb.dir/home/monica/pico-sdk/src/rp2_common/hardware_watchdog/watchdog.c.o
LOAD CMakeFiles/pico_sensor_usb.dir/home/monica/pico-sdk/src/rp2_common/hardware_ticks/ticks.c.o
LOAD CMakeFiles/pico_sensor_usb.dir/home/monica/pico-sdk/src/rp2_common/pico_bootrom/bootrom.c.o
LOAD CMakeFiles/pico_sensor_usb.dir/home/monica/pico-sdk/src/rp2_common/pico_bootrom/bootrom_lock.c.o
LOAD CMakeFiles/pico_sensor_usb.dir/home/monica/pico-sdk/src/rp2_common/hardware_boot_lock/boot_lock.c.o
LOAD CMakeFiles/pico_sensor_usb.dir/home/monica/pico-sdk/src/rp2_common/pico_flash/flash.c.o
LOAD CMakeFiles/pico_sensor_usb.dir/home/monica/pico-sdk/src/rp2_common/hardware_xosc/xosc.c.o
LOAD CMakeFiles/pico_sensor_usb.dir/home/monica/pico-sdk/src/rp2_common/hardware_divider/divider.S.o
LOAD CMakeFiles/pico_sensor_usb.dir/home/monica/pico-sdk/src/rp2_common/pico_runtime/runtime.c.o
LOAD CMakeFiles/pico_sensor_usb.dir/home/monica/pico-sdk/src/rp2_common/pico_runtime_init/runtime_init.c.o
LOAD CMakeFiles/pico_sensor_usb.dir/home/monica/pico-sdk/src/rp2_common/pico_runtime_init/runtime_init_clocks.c.o
LOAD CMakeFiles/pico_sensor_usb.dir/home/monica/pico-sdk/src/rp2_common/pico_runtime_init/runtime_init_stack_guard.c.o
LOAD CMakeFiles/pico_sensor_usb.dir/home/monica/pico-sdk/src/rp2_common/pico_bit_ops/bit_ops_aeabi.S.o
LOAD CMakeFiles/pico_sensor_usb.dir/home/monica/pico-sdk/src/rp2_common/pico_divider/divider_hardware.S.o
LOAD CMakeFiles/pico_sensor_usb.dir/home/monica/pico-sdk/src/rp2_common/pico_double/double_aeabi_rp2040.S.o
LOAD CMakeFiles/pico_sensor_usb.dir/home/monica/pico-sdk/src/rp2_common/pico_double/double_init_rom_rp2040.c.o
LOAD CMakeFiles/pico_sensor_usb.dir/home/monica/pico-sdk/src/rp2_common/pico_double/double_math.c.o
LOAD CMakeFiles/pico_sensor_usb.dir/home/monica/pico-sdk/src/rp2_common/pico_double/double_v1_rom_shim_rp2040.S.o
LOAD CMakeFiles/pico_sensor_usb.dir/home/monica/pico-sdk/src/rp2_common/pico_int64_ops/pico_int64_ops_aeabi.S.o
LOAD CMakeFiles/pico_sensor_usb.dir/home/monica/pico-sdk/src/rp2_common/pico_float/float_aeabi_rp2040.S.o
LOAD CMakeFiles/pico_sensor_usb.dir/home/monica/pico-sdk/src/rp2_common/pico_float/float_init_rom_rp2040.c.o
LOAD CMakeFiles/pico_sensor_usb.dir/home/monica/pico-sdk/src/rp2_common/pico_float/float_math.c.o
LOAD CMakeFiles/pico_sensor_usb.dir/home/monica/pico-sdk/src/rp2_common/pico_float/float_v1_rom_shim_rp2040.S.o
LOAD CMakeFiles/pico_sensor_usb.dir/home/monica/pico-sdk/src/rp2_common/pico_malloc/malloc.c.o